[warning] The value of the local variable 'binding' isn't used (C:\Users\Victor\Desktop\AppMube\integration_test\generate_screenshots_test.dart:81:9)
[info] Don't invoke 'print' in production code (C:\Users\Victor\Desktop\AppMube\integration_test\generate_screenshots_test.dart:59:7)
[info] Don't invoke 'print' in production code (C:\Users\Victor\Desktop\AppMube\integration_test\generate_screenshots_test.dart:74:5)
[info] Don't invoke 'print' in production code (C:\Users\Victor\Desktop\AppMube\integration_test\generate_screenshots_test.dart:76:5)
[info] Use 'const' for final variables initialized to a constant value (C:\Users\Victor\Desktop\AppMube\integration_test\generate_screenshots_test.dart:88:7)
[info] Don't invoke 'print' in production code (C:\Users\Victor\Desktop\AppMube\integration_test\generate_screenshots_test.dart:143:7)
[info] Missing an 'await' for the 'Future' computed by this expression (C:\Users\Victor\Desktop\AppMube\lib\main.dart:77:12)
[info] 'withOpacity' is deprecated and shouldn't be used. Use .withValues() to avoid precision loss (C:\Users\Victor\Desktop\AppMube\lib\src\common_widgets\app_dropdown_field.dart:132:43)
[info] 'withOpacity' is deprecated and shouldn't be used. Use .withValues() to avoid precision loss (C:\Users\Victor\Desktop\AppMube\lib\src\common_widgets\app_dropdown_field.dart:139:53)
[info] 'withOpacity' is deprecated and shouldn't be used. Use .withValues() to avoid precision loss (C:\Users\Victor\Desktop\AppMube\lib\src\common_widgets\app_dropdown_field.dart:150:53)
[info] 'withOpacity' is deprecated and shouldn't be used. Use .withValues() to avoid precision loss (C:\Users\Victor\Desktop\AppMube\lib\src\common_widgets\app_dropdown_field.dart:168:51)
[info] 'withOpacity' is deprecated and shouldn't be used. Use .withValues() to avoid precision loss (C:\Users\Victor\Desktop\AppMube\lib\src\common_widgets\main_scaffold.dart:79:50)
[info] Sort directive sections alphabetically (C:\Users\Victor\Desktop\AppMube\lib\src\common_widgets\main_scaffold.dart:3:1)
[warning] Unused import: 'package:go_router/go_router.dart' (C:\Users\Victor\Desktop\AppMube\lib\src\features\developer\presentation\developer_tools_screen.dart:5:8)
[info] Use 'const' with the constructor to improve performance (C:\Users\Victor\Desktop\AppMube\lib\src\features\feed\presentation\feed_screen.dart:208:15)
[info] Use 'const' with the constructor to improve performance (C:\Users\Victor\Desktop\AppMube\lib\src\features\feed\presentation\feed_screen.dart:209:24)
[info] Sort directive sections alphabetically (C:\Users\Victor\Desktop\AppMube\lib\src\features\matchpoint\presentation\controllers\matchpoint_controller.dart:5:1)
[info] Don't invoke 'print' in production code (C:\Users\Victor\Desktop\AppMube\lib\src\features\matchpoint\presentation\controllers\matchpoint_controller.dart:72:5)
[info] Don't invoke 'print' in production code (C:\Users\Victor\Desktop\AppMube\lib\src\features\matchpoint\presentation\controllers\matchpoint_controller.dart:101:7)
[info] Don't invoke 'print' in production code (C:\Users\Victor\Desktop\AppMube\lib\src\features\matchpoint\presentation\controllers\matchpoint_controller.dart:118:11)
[info] Don't invoke 'print' in production code (C:\Users\Victor\Desktop\AppMube\lib\src\features\matchpoint\presentation\controllers\matchpoint_controller.dart:139:13)
[info] Don't invoke 'print' in production code (C:\Users\Victor\Desktop\AppMube\lib\src\features\matchpoint\presentation\controllers\matchpoint_controller.dart:193:5)
[info] Don't invoke 'print' in production code (C:\Users\Victor\Desktop\AppMube\lib\src\features\matchpoint\presentation\controllers\matchpoint_controller.dart:196:3)
[info] Don't invoke 'print' in production code (C:\Users\Victor\Desktop\AppMube\lib\src\features\matchpoint\presentation\controllers\matchpoint_controller.dart:209:7)
[info] Don't invoke 'print' in production code (C:\Users\Victor\Desktop\AppMube\lib\src\features\matchpoint\presentation\controllers\matchpoint_controller.dart:213:7)
[info] Missing an 'await' for the 'Future' computed by this expression (C:\Users\Victor\Desktop\AppMube\lib\src\features\matchpoint\presentation\screens\matchpoint_explore_screen.dart:137:33)
[info] Don't use 'BuildContext's across async gaps, guarded by an unrelated 'mounted' check (C:\Users\Victor\Desktop\AppMube\lib\src\features\matchpoint\presentation\screens\matchpoint_explore_screen.dart:137:24)
[info] Unnecessary use of multiple underscores (C:\Users\Victor\Desktop\AppMube\lib\src\features\matchpoint\presentation\screens\matchpoint_explore_screen.dart:140:32)
[info] Unnecessary use of multiple underscores (C:\Users\Victor\Desktop\AppMube\lib\src\features\matchpoint\presentation\screens\matchpoint_explore_screen.dart:140:36)
[info] Use 'const' with the constructor to improve performance (C:\Users\Victor\Desktop\AppMube\lib\src\features\notifications\presentation\notification_list_screen.dart:177:11)
[warning] Unused import: 'package:cloud_firestore/cloud_firestore.dart' (C:\Users\Victor\Desktop\AppMube\lib\src\features\profile\presentation\public_profile_screen.dart:1:8)
[warning] Unused import: '../../notifications/data/notification_providers.dart' (C:\Users\Victor\Desktop\AppMube\lib\src\features\profile\presentation\public_profile_screen.dart:19:8)
[info] 'groupValue' is deprecated and shouldn't be used. Use a RadioGroup ancestor to manage group value instead. This feature was deprecated after v3.32.0-0.0.pre (C:\Users\Victor\Desktop\AppMube\lib\src\features\profile\presentation\widgets\report_reason_dialog.dart:83:19)
[info] 'onChanged' is deprecated and shouldn't be used. Use RadioGroup to handle value change instead. This feature was deprecated after v3.32.0-0.0.pre (C:\Users\Victor\Desktop\AppMube\lib\src\features\profile\presentation\widgets\report_reason_dialog.dart:88:19)
[warning] The declaration '_repository' isn't referenced (C:\Users\Victor\Desktop\AppMube\lib\src\features\search\presentation\search_controller.dart:77:24)
[info] 'activeColor' is deprecated and shouldn't be used. Use activeThumbColor instead. This feature was deprecated after v3.31.0-2.0.pre (C:\Users\Victor\Desktop\AppMube\lib\src\features\settings\presentation\privacy_settings_screen.dart:128:7)
[info] Sort directive sections alphabetically (C:\Users\Victor\Desktop\AppMube\lib\src\routing\app_router.dart:32:1)
[info] Sort directive sections alphabetically (C:\Users\Victor\Desktop\AppMube\lib\src\routing\app_router.dart:34:1)