00:00 +0: loading C:/Users/Victor/Desktop/AppMube/test/integration/auth/auth_flow_test.dart
00:00 +0: C:/Users/Victor/Desktop/AppMube/test/integration/auth/auth_flow_test.dart: (setUpAll)
00:00 +0: C:/Users/Victor/Desktop/AppMube/test/integration/auth/auth_flow_test.dart: Auth Flow Integration Tests Login Flow should show validation errors
00:00 +1: C:/Users/Victor/Desktop/AppMube/test/integration/auth/auth_flow_test.dart: Auth Flow Integration Tests Login Flow should show validation errors
00:00 +2: C:/Users/Victor/Desktop/AppMube/test/integration/profile/profile_flow_test.dart: Profile Flow Integration Tests Profile View should display professional profile
00:00 +3: C:/Users/Victor/Desktop/AppMube/test/integration/profile/profile_flow_test.dart: Profile Flow Integration Tests Profile View should display professional profile
00:00 +4: C:/Users/Victor/Desktop/AppMube/test/integration/profile/profile_flow_test.dart: Profile Flow Integration Tests Profile View should display professional profile
00:00 +5: C:/Users/Victor/Desktop/AppMube/test/integration/profile/profile_flow_test.dart: Profile Flow Integration Tests Profile View should display professional profile
00:00 +6: C:/Users/Victor/Desktop/AppMube/test/integration/profile/profile_flow_test.dart: Profile Flow Integration Tests Profile View should display professional profile
00:01 +7: C:/Users/Victor/Desktop/AppMube/test/integration/search/search_flow_test.dart: Search Flow Integration Tests Search by Term should search users by name
00:01 +8: C:/Users/Victor/Desktop/AppMube/test/integration/search/search_flow_test.dart: Search Flow Integration Tests Search by Term should search users by name
00:01 +9: C:/Users/Victor/Desktop/AppMube/test/integration/search/search_flow_test.dart: Search Flow Integration Tests Search by Term should search users by name
00:01 +10: C:/Users/Victor/Desktop/AppMube/test/integration/search/search_flow_test.dart: Search Flow Integration Tests Search by Term should search users by name
00:01 +11: C:/Users/Victor/Desktop/AppMube/test/integration/search/search_flow_test.dart: Search Flow Integration Tests Search by Term should search users by name
00:01 +11: C:/Users/Victor/Desktop/AppMube/test/integration/profile/profile_flow_test.dart: Profile Flow Integration Tests Profile View should show error state
[ProfileScreen] Error state: Exception: Error loading profile
00:01 +12: C:/Users/Victor/Desktop/AppMube/test/integration/search/search_flow_test.dart: Search Flow Integration Tests Search by Term should search users by name
00:01 +13: C:/Users/Victor/Desktop/AppMube/test/integration/search/search_flow_test.dart: Search Flow Integration Tests Search by Term should search users by name
00:01 +14: C:/Users/Victor/Desktop/AppMube/test/integration/search/search_flow_test.dart: Search Flow Integration Tests Search by Term should search users by name
00:01 +15: C:/Users/Victor/Desktop/AppMube/test/integration/search/search_flow_test.dart: Search Flow Integration Tests Search by Term should search users by name
00:01 +16: C:/Users/Victor/Desktop/AppMube/test/integration/profile/profile_flow_test.dart: Profile Flow Integration Tests Profile Edit should update profile data
00:01 +17: C:/Users/Victor/Desktop/AppMube/test/integration/profile/profile_flow_test.dart: Profile Flow Integration Tests Profile Edit should update profile data
00:01 +18: C:/Users/Victor/Desktop/AppMube/test/integration/profile/profile_flow_test.dart: Profile Flow Integration Tests Profile Edit should update profile data
00:01 +19: C:/Users/Victor/Desktop/AppMube/test/integration/profile/profile_flow_test.dart: Profile Flow Integration Tests Profile Edit should update profile data
00:01 +20: C:/Users/Victor/Desktop/AppMube/test/integration/profile/profile_flow_test.dart: Profile Flow Integration Tests Profile Edit should update profile data
00:01 +21: C:/Users/Victor/Desktop/AppMube/test/integration/profile/profile_flow_test.dart: Profile Flow Integration Tests Profile Edit should update profile data
00:01 +22: C:/Users/Victor/Desktop/AppMube/test/integration/profile/profile_flow_test.dart: Profile Flow Integration Tests Profile Edit should update profile data
00:01 +23: C:/Users/Victor/Desktop/AppMube/test/integration/profile/profile_flow_test.dart: Profile Flow Integration Tests Profile Edit should update profile data
00:01 +24: C:/Users/Victor/Desktop/AppMube/test/integration/profile/profile_flow_test.dart: Profile Flow Integration Tests Profile Edit should update profile data
00:01 +25: C:/Users/Victor/Desktop/AppMube/test/integration/profile/profile_flow_test.dart: Profile Flow Integration Tests Profile Edit should update profile data
00:01 +26: C:/Users/Victor/Desktop/AppMube/test/integration/search/search_flow_test.dart: Search Flow Integration Tests Search by Term should show empty state when no results
00:01 +27: C:/Users/Victor/Desktop/AppMube/test/integration/search/search_flow_test.dart: Search Flow Integration Tests Search by Term should show empty state when no results
00:01 +28: C:/Users/Victor/Desktop/AppMube/test/integration/search/search_flow_test.dart: Search Flow Integration Tests Search by Term should show empty state when no results
00:01 +29: C:/Users/Victor/Desktop/AppMube/test/integration/search/search_flow_test.dart: Search Flow Integration Tests Search by Term should show empty state when no results
00:01 +30: C:/Users/Victor/Desktop/AppMube/test/integration/auth/auth_flow_test.dart: Auth Flow Integration Tests Navigation should navigate between login and register
00:01 +31: C:/Users/Victor/Desktop/AppMube/test/integration/auth/auth_flow_test.dart: Auth Flow Integration Tests Navigation should navigate between login and register
00:01 +32: C:/Users/Victor/Desktop/AppMube/test/integration/auth/auth_flow_test.dart: Auth Flow Integration Tests Navigation should navigate between login and register
00:01 +33: C:/Users/Victor/Desktop/AppMube/test/integration/auth/auth_flow_test.dart: Auth Flow Integration Tests Navigation should navigate between login and register
00:01 +34: C:/Users/Victor/Desktop/AppMube/test/integration/auth/auth_flow_test.dart: Auth Flow Integration Tests Navigation should navigate between login and register
00:01 +35: C:/Users/Victor/Desktop/AppMube/test/integration/auth/auth_flow_test.dart: Auth Flow Integration Tests Navigation should navigate between login and register
00:01 +36: C:/Users/Victor/Desktop/AppMube/test/integration/profile/profile_flow_test.dart: Profile Flow Integration Tests Logout should logout user
00:01 +37: C:/Users/Victor/Desktop/AppMube/test/integration/profile/profile_flow_test.dart: Profile Flow Integration Tests Logout should logout user
00:01 +38: C:/Users/Victor/Desktop/AppMube/test/integration/profile/profile_flow_test.dart: Profile Flow Integration Tests Logout should logout user
00:01 +39: C:/Users/Victor/Desktop/AppMube/test/integration/profile/profile_flow_test.dart: Profile Flow Integration Tests Logout should logout user
00:01 +40: C:/Users/Victor/Desktop/AppMube/test/integration/profile/profile_flow_test.dart: Profile Flow Integration Tests Logout should logout user
00:01 +41: C:/Users/Victor/Desktop/AppMube/test/integration/profile/profile_flow_test.dart: Profile Flow Integration Tests Logout should logout user
00:01 +42: C:/Users/Victor/Desktop/AppMube/test/integration/profile/profile_flow_test.dart: Profile Flow Integration Tests Logout should logout user
00:01 +43: C:/Users/Victor/Desktop/AppMube/test/integration/profile/profile_flow_test.dart: Profile Flow Integration Tests Logout should logout user
00:01 +44: C:/Users/Victor/Desktop/AppMube/test/integration/profile/profile_flow_test.dart: Profile Flow Integration Tests Logout should logout user
00:01 +45: C:/Users/Victor/Desktop/AppMube/test/integration/auth/auth_flow_test.dart: Auth Flow Integration Tests Edge Cases should handle network error
00:01 +46: C:/Users/Victor/Desktop/AppMube/test/integration/auth/auth_flow_test.dart: Auth Flow Integration Tests Edge Cases should handle network error
00:01 +47: C:/Users/Victor/Desktop/AppMube/test/integration/auth/auth_flow_test.dart: Auth Flow Integration Tests Edge Cases should handle network error
00:01 +48: C:/Users/Victor/Desktop/AppMube/test/integration/auth/auth_flow_test.dart: Auth Flow Integration Tests Edge Cases should handle network error
00:01 +49: C:/Users/Victor/Desktop/AppMube/test/integration/auth/auth_flow_test.dart: Auth Flow Integration Tests Edge Cases should handle network error
00:02 +50: C:/Users/Victor/Desktop/AppMube/test/integration/auth/auth_flow_test.dart: Auth Flow Integration Tests Edge Cases should handle network error
00:02 +51: C:/Users/Victor/Desktop/AppMube/test/integration/auth/auth_flow_test.dart: Auth Flow Integration Tests Edge Cases should handle network error
00:02 +52: C:/Users/Victor/Desktop/AppMube/test/integration/auth/auth_flow_test.dart: Auth Flow Integration Tests Edge Cases should handle network error
00:02 +53: C:/Users/Victor/Desktop/AppMube/test/integration/auth/auth_flow_test.dart: Auth Flow Integration Tests Edge Cases should handle network error
00:02 +54: C:/Users/Victor/Desktop/AppMube/test/integration/auth/auth_flow_test.dart: Auth Flow Integration Tests Edge Cases should handle network error
00:02 +55: C:/Users/Victor/Desktop/AppMube/test/integration/auth/auth_flow_test.dart: Auth Flow Integration Tests Edge Cases should handle network error
00:02 +56: C:/Users/Victor/Desktop/AppMube/test/integration/auth/auth_flow_test.dart: Auth Flow Integration Tests Edge Cases should handle network error
00:02 +57: C:/Users/Victor/Desktop/AppMube/test/integration/auth/auth_flow_test.dart: Auth Flow Integration Tests Edge Cases should handle network error
00:02 +58: C:/Users/Victor/Desktop/AppMube/test/integration/auth/auth_flow_test.dart: Auth Flow Integration Tests Edge Cases should handle network error
00:02 +59: C:/Users/Victor/Desktop/AppMube/test/integration/auth/auth_flow_test.dart: Auth Flow Integration Tests Edge Cases should handle network error
00:02 +60: C:/Users/Victor/Desktop/AppMube/test/integration/auth/auth_flow_test.dart: Auth Flow Integration Tests Edge Cases should handle network error
00:02 +61: C:/Users/Victor/Desktop/AppMube/test/integration/search/search_flow_test.dart: Search Flow Integration Tests Professional Subcategory Filters should filter by singers
00:02 +62: C:/Users/Victor/Desktop/AppMube/test/integration/profile/profile_flow_test.dart: Profile Flow Integration Tests ProfileController should handle update error
00:02 +63: C:/Users/Victor/Desktop/AppMube/test/integration/auth/auth_flow_test.dart: Auth Flow Integration Tests Edge Cases should trim email
00:02 +64: C:/Users/Victor/Desktop/AppMube/test/integration/auth/auth_flow_test.dart: Auth Flow Integration Tests Edge Cases should trim email
00:02 +65: C:/Users/Victor/Desktop/AppMube/test/integration/auth/auth_flow_test.dart: Auth Flow Integration Tests Edge Cases should trim email
00:02 +66: C:/Users/Victor/Desktop/AppMube/test/integration/profile/profile_flow_test.dart: Profile Flow Integration Tests Professional Profile Details should display backing vocal info
00:02 +67: C:/Users/Victor/Desktop/AppMube/test/integration/search/search_flow_test.dart: Search Flow Integration Tests Professional Subcategory Filters should filter by crew
00:02 +68: C:/Users/Victor/Desktop/AppMube/test/integration/search/search_flow_test.dart: Search Flow Integration Tests Professional Subcategory Filters should filter by crew
00:02 +69: C:/Users/Victor/Desktop/AppMube/test/integration/search/search_flow_test.dart: Search Flow Integration Tests Professional Subcategory Filters should filter by crew
00:02 +70: C:/Users/Victor/Desktop/AppMube/test/integration/search/search_flow_test.dart: Search Flow Integration Tests Professional Subcategory Filters should filter by crew
00:02 +71: C:/Users/Victor/Desktop/AppMube/test/integration/profile/profile_flow_test.dart: Profile Flow Integration Tests Contractor Profile should display contractor profile
00:02 +72: C:/Users/Victor/Desktop/AppMube/test/unit/auth/email_verification_controller_test.dart: EmailVerificationController checkVerificationStatus should update state when email is verified
Claim email_verified ainda n├úo sincronizou, mas o e-mail j├í est├í verificado.
00:02 +73: C:/Users/Victor/Desktop/AppMube/test/integration/search/search_flow_test.dart: Search Flow Integration Tests Professional Subcategory Filters should filter by DJs
00:02 +74: C:/Users/Victor/Desktop/AppMube/test/integration/search/search_flow_test.dart: Search Flow Integration Tests Professional Subcategory Filters should filter by DJs
00:02 +75: C:/Users/Victor/Desktop/AppMube/test/integration/search/search_flow_test.dart: Search Flow Integration Tests Professional Subcategory Filters should filter by DJs
00:02 +76: C:/Users/Victor/Desktop/AppMube/test/integration/search/search_flow_test.dart: Search Flow Integration Tests Professional Subcategory Filters should filter by DJs
00:02 +77: C:/Users/Victor/Desktop/AppMube/test/integration/search/search_flow_test.dart: Search Flow Integration Tests Professional Subcategory Filters should filter by DJs
00:02 +78: C:/Users/Victor/Desktop/AppMube/test/integration/profile/profile_flow_test.dart: Profile Flow Integration Tests Profile Location should handle missing location
00:02 +79: C:/Users/Victor/Desktop/AppMube/test/integration/search/search_flow_test.dart: Search Flow Integration Tests Instrument Filters should filter by instruments
00:02 +80: C:/Users/Victor/Desktop/AppMube/test/integration/search/search_flow_test.dart: Search Flow Integration Tests Studio Filters should filter by studio services
00:02 +81: C:/Users/Victor/Desktop/AppMube/test/integration/search/search_flow_test.dart: Search Flow Integration Tests Studio Filters should filter by studio type
00:02 +82: C:/Users/Victor/Desktop/AppMube/test/unit/auth/forgot_password_controller_test.dart: ForgotPasswordController sendResetEmail should set state to AsyncLoading when called
00:02 +83: C:/Users/Victor/Desktop/AppMube/test/integration/search/search_flow_test.dart: Search Flow Integration Tests Search State Management should handle loading state
00:02 +84: C:/Users/Victor/Desktop/AppMube/test/integration/search/search_flow_test.dart: Search Flow Integration Tests Search State Management should handle loading state
00:02 +85: C:/Users/Victor/Desktop/AppMube/test/integration/search/search_flow_test.dart: Search Flow Integration Tests Search State Management should handle loading state
00:02 +86: C:/Users/Victor/Desktop/AppMube/test/integration/search/search_flow_test.dart: Search Flow Integration Tests Search State Management should handle loading state
00:02 +87: C:/Users/Victor/Desktop/AppMube/test/integration/search/search_flow_test.dart: Search Flow Integration Tests Search State Management should handle loading state
00:02 +88: C:/Users/Victor/Desktop/AppMube/test/integration/search/search_flow_test.dart: Search Flow Integration Tests Search State Management should handle loading state
00:02 +89: C:/Users/Victor/Desktop/AppMube/test/integration/search/search_flow_test.dart: Search Flow Integration Tests Search State Management should handle loading state
00:02 +90: C:/Users/Victor/Desktop/AppMube/test/integration/search/search_flow_test.dart: Search Flow Integration Tests Search State Management should handle loading state
00:02 +91: C:/Users/Victor/Desktop/AppMube/test/integration/search/search_flow_test.dart: Search Flow Integration Tests Search State Management should handle loading state
00:02 +92: C:/Users/Victor/Desktop/AppMube/test/integration/search/search_flow_test.dart: Search Flow Integration Tests Search State Management should handle search errors
[Search] Error: Failure: Erro na busca
00:02 +93: C:/Users/Victor/Desktop/AppMube/test/integration/search/search_flow_test.dart: Search Flow Integration Tests Search State Management should handle rate limiting
00:02 +94: C:/Users/Victor/Desktop/AppMube/test/integration/search/search_flow_test.dart: Search Flow Integration Tests Search State Management should clear filters
00:02 +95: C:/Users/Victor/Desktop/AppMube/test/integration/search/search_flow_test.dart: Search Flow Integration Tests Blocked Users should exclude blocked users from results
00:02 +96: C:/Users/Victor/Desktop/AppMube/test/unit/auth/login_controller_test.dart: LoginController should have AsyncData(null) as initial state
00:02 +97: C:/Users/Victor/Desktop/AppMube/test/integration/search/search_flow_test.dart: Search Flow Integration Tests Backing Vocal Filter should filter by backing vocal capability
00:02 +98: C:/Users/Victor/Desktop/AppMube/test/integration/search/search_flow_test.dart: Search Flow Integration Tests Backing Vocal Filter should filter by backing vocal capability
00:02 +99: C:/Users/Victor/Desktop/AppMube/test/integration/search/search_flow_test.dart: Search Flow Integration Tests Backing Vocal Filter should filter by backing vocal capability
00:02 +100: C:/Users/Victor/Desktop/AppMube/test/integration/search/search_flow_test.dart: Search Flow Integration Tests Backing Vocal Filter should filter by backing vocal capability
00:02 +101: C:/Users/Victor/Desktop/AppMube/test/integration/search/search_flow_test.dart: Search Flow Integration Tests Backing Vocal Filter should filter by backing vocal capability
00:02 +102: C:/Users/Victor/Desktop/AppMube/test/integration/search/search_flow_test.dart: Search Flow Integration Tests Backing Vocal Filter should filter by backing vocal capability
00:02 +103: C:/Users/Victor/Desktop/AppMube/test/integration/search/search_flow_test.dart: Search Flow Integration Tests Backing Vocal Filter should filter by backing vocal capability
00:02 +104: C:/Users/Victor/Desktop/AppMube/test/integration/search/search_flow_test.dart: Search Flow Integration Tests Ghost Mode Exclusion should exclude users in ghost mode
00:03 +105: C:/Users/Victor/Desktop/AppMube/test/integration/search/search_flow_test.dart: Search Flow Integration Tests Pagination should load more results on scroll
00:03 +106: C:/Users/Victor/Desktop/AppMube/test/integration/search/search_flow_test.dart: Search Flow Integration Tests (tearDownAll)
00:03 +106: C:/Users/Victor/Desktop/AppMube/test/unit/auth/profile_controller_test.dart: (setUpAll)
00:03 +106: C:/Users/Victor/Desktop/AppMube/test/unit/auth/profile_controller_test.dart: ProfileController should have AsyncData(null) as initial state
00:03 +107: C:/Users/Victor/Desktop/AppMube/test/unit/auth/profile_controller_test.dart: ProfileController updateProfile should set state to AsyncLoading when called
00:03 +108: C:/Users/Victor/Desktop/AppMube/test/unit/auth/profile_controller_test.dart: ProfileController updateProfile should set state to AsyncData(null) on successful update
00:03 +109: C:/Users/Victor/Desktop/AppMube/test/unit/auth/profile_controller_test.dart: ProfileController updateProfile should call repository with updated user data
00:03 +110: C:/Users/Victor/Desktop/AppMube/test/unit/auth/profile_controller_test.dart: ProfileController updateProfile should update dadosProfissional when provided
00:03 +111: C:/Users/Victor/Desktop/AppMube/test/unit/auth/profile_controller_test.dart: ProfileController updateProfile should update dadosEstudio when provided
00:03 +112: C:/Users/Victor/Desktop/AppMube/test/unit/auth/profile_controller_test.dart: ProfileController updateProfile should update dadosBanda when provided
00:03 +113: C:/Users/Victor/Desktop/AppMube/test/unit/auth/profile_controller_test.dart: ProfileController updateProfile should update dadosContratante when provided
00:03 +114: C:/Users/Victor/Desktop/AppMube/test/unit/auth/profile_controller_test.dart: ProfileController updateProfile should call analytics on successful update
00:03 +115: C:/Users/Victor/Desktop/AppMube/test/unit/auth/profile_controller_test.dart: ProfileController updateProfile should set state to AsyncError on failure
00:03 +116: C:/Users/Victor/Desktop/AppMube/test/unit/auth/profile_controller_test.dart: ProfileController updateProfile should set state to AsyncError with correct error message
00:03 +117: C:/Users/Victor/Desktop/AppMube/test/unit/auth/profile_controller_test.dart: ProfileController updateProfileImage should set state to AsyncLoading when called
00:03 +118: C:/Users/Victor/Desktop/AppMube/test/unit/auth/profile_controller_test.dart: ProfileController updateProfileImage should validate image before upload
00:03 +119: C:/Users/Victor/Desktop/AppMube/test/unit/auth/profile_controller_test.dart: ProfileController updateProfileImage should upload image to storage
00:03 +120: C:/Users/Victor/Desktop/AppMube/test/unit/auth/profile_controller_test.dart: ProfileController updateProfileImage should update user with new photo URL
00:03 +121: C:/Users/Victor/Desktop/AppMube/test/unit/auth/profile_controller_test.dart: ProfileController updateProfileImage should call analytics on successful image update
00:03 +122: C:/Users/Victor/Desktop/AppMube/test/unit/auth/profile_controller_test.dart: ProfileController updateProfileImage should set state to AsyncData(null) on successful image update
00:03 +123: C:/Users/Victor/Desktop/AppMube/test/unit/auth/profile_controller_test.dart: ProfileController updateProfileImage should set state to AsyncError when image validation fails
00:03 +124: C:/Users/Victor/Desktop/AppMube/test/unit/auth/profile_controller_test.dart: ProfileController updateProfileImage should set state to AsyncError when upload fails
00:03 +125: C:/Users/Victor/Desktop/AppMube/test/unit/auth/profile_controller_test.dart: ProfileController updateProfileImage should set state to AsyncError when update user fails
00:03 +126: C:/Users/Victor/Desktop/AppMube/test/unit/auth/profile_controller_test.dart: ProfileController deleteProfile should set state to AsyncLoading when called
00:03 +127: C:/Users/Victor/Desktop/AppMube/test/unit/auth/profile_controller_test.dart: ProfileController deleteProfile should call deleteAccount on repository
00:03 +128: C:/Users/Victor/Desktop/AppMube/test/unit/auth/profile_controller_test.dart: ProfileController deleteProfile should set state to AsyncData(null) on successful deletion
00:03 +129: C:/Users/Victor/Desktop/AppMube/test/unit/auth/profile_controller_test.dart: ProfileController deleteProfile should set state to AsyncError on deletion failure
00:03 +130: C:/Users/Victor/Desktop/AppMube/test/unit/auth/profile_controller_test.dart: (tearDownAll)
00:03 +130: C:/Users/Victor/Desktop/AppMube/test/unit/auth/register_controller_test.dart: (setUpAll)
00:03 +130: C:/Users/Victor/Desktop/AppMube/test/unit/auth/register_controller_test.dart: RegisterController should have AsyncData(null) as initial state
00:03 +131: C:/Users/Victor/Desktop/AppMube/test/unit/auth/register_controller_test.dart: RegisterController register should set state to AsyncLoading when called
00:03 +132: C:/Users/Victor/Desktop/AppMube/test/unit/auth/register_controller_test.dart: RegisterController register should set state to AsyncData(null) on successful registration
00:03 +133: C:/Users/Victor/Desktop/AppMube/test/unit/auth/register_controller_test.dart: RegisterController register should call repository with correct parameters
00:03 +134: C:/Users/Victor/Desktop/AppMube/test/unit/auth/register_controller_test.dart: RegisterController register should set state to AsyncError on email already in use failure
00:03 +135: C:/Users/Victor/Desktop/AppMube/test/unit/auth/register_controller_test.dart: RegisterController register should set state to AsyncError on generic failure
00:03 +136: C:/Users/Victor/Desktop/AppMube/test/unit/auth/register_controller_test.dart: RegisterController register should set state to AsyncError with correct error message
00:03 +137: C:/Users/Victor/Desktop/AppMube/test/unit/auth/register_controller_test.dart: RegisterController register should handle weak password error
00:03 +138: C:/Users/Victor/Desktop/AppMube/test/unit/auth/register_controller_test.dart: RegisterController register should handle invalid email error
00:03 +139: C:/Users/Victor/Desktop/AppMube/test/unit/auth/register_controller_test.dart: (tearDownAll)
00:03 +139: C:/Users/Victor/Desktop/AppMube/test/unit/core/app_config_test.dart: AppConfig should have empty API keys when not configured
00:03 +140: C:/Users/Victor/Desktop/AppMube/test/unit/core/app_config_test.dart: AppConfig hasRequiredKeys should return false when keys are empty
00:03 +141: C:/Users/Victor/Desktop/AppMube/test/unit/core/app_config_test.dart: AppConfig validate should throw when API keys are not set
00:03 +142: C:/Users/Victor/Desktop/AppMube/test/unit/core/app_config_test.dart: AppConfig URL Builders visionApiUrl should throw when key is empty
00:03 +143: C:/Users/Victor/Desktop/AppMube/test/unit/core/app_config_test.dart: AppConfig URL Builders buildPlacesUrl should throw when key is empty
00:03 +144: C:/Users/Victor/Desktop/AppMube/test/unit/core/app_config_test.dart: AppConfig URL Builders buildPlaceDetailsUrl should throw when key is empty
00:03 +145: C:/Users/Victor/Desktop/AppMube/test/unit/core/app_config_test.dart: AppConfig URL Builders buildGeocodeUrl should throw when key is empty
00:03 +146: C:/Users/Victor/Desktop/AppMube/test/unit/core/failures_test.dart: Failures AuthFailure should create with message
00:03 +147: C:/Users/Victor/Desktop/AppMube/test/unit/core/failures_test.dart: Failures AuthFailure should create with debug message
00:03 +148: C:/Users/Victor/Desktop/AppMube/test/unit/core/failures_test.dart: Failures AuthFailure factory userNotFound should have correct message
00:03 +149: C:/Users/Victor/Desktop/AppMube/test/unit/core/failures_test.dart: Failures AuthFailure factory wrongPassword should have correct message
00:03 +150: C:/Users/Victor/Desktop/AppMube/test/unit/core/failures_test.dart: Failures AuthFailure factory emailAlreadyInUse should have correct message
00:03 +151: C:/Users/Victor/Desktop/AppMube/test/unit/core/failures_test.dart: Failures NetworkFailure factory noConnection should have correct message
00:03 +152: C:/Users/Victor/Desktop/AppMube/test/unit/core/failures_test.dart: Failures NetworkFailure factory timeout should have correct message
00:03 +153: C:/Users/Victor/Desktop/AppMube/test/unit/core/failures_test.dart: Failures ServerFailure should create with message
00:03 +154: C:/Users/Victor/Desktop/AppMube/test/unit/core/failures_test.dart: Failures ValidationFailure should create with message
00:03 +155: C:/Users/Victor/Desktop/AppMube/test/unit/core/failures_test.dart: Failures UnknownFailure should create with default message
00:03 +156: C:/Users/Victor/Desktop/AppMube/test/unit/core/failures_test.dart: Failures UnknownFailure should create with custom message
00:04 +157: C:/Users/Victor/Desktop/AppMube/test/unit/core/image_cache_config_test.dart: ImageCacheConfig deve ter constantes definidas corretamente
00:04 +158: C:/Users/Victor/Desktop/AppMube/test/unit/core/image_cache_config_test.dart: ImageCacheType deve ter todos os valores
00:04 +159: C:/Users/Victor/Desktop/AppMube/test/unit/core/pagination_mixin_test.dart: PaginationState should create empty state with default values
00:04 +160: C:/Users/Victor/Desktop/AppMube/test/unit/core/pagination_mixin_test.dart: PaginationState should create state with custom page size
00:04 +161: C:/Users/Victor/Desktop/AppMube/test/unit/core/pagination_mixin_test.dart: PaginationState should correctly identify loading states
00:04 +162: C:/Users/Victor/Desktop/AppMube/test/unit/core/pagination_mixin_test.dart: PaginationState should correctly identify loaded state
00:04 +163: C:/Users/Victor/Desktop/AppMube/test/unit/core/pagination_mixin_test.dart: PaginationState should correctly identify error state
00:04 +164: C:/Users/Victor/Desktop/AppMube/test/unit/core/pagination_mixin_test.dart: PaginationState should correctly identify no more data state
00:04 +165: C:/Users/Victor/Desktop/AppMube/test/unit/core/pagination_mixin_test.dart: PaginationState copyWith should update values correctly
00:04 +166: C:/Users/Victor/Desktop/AppMube/test/unit/core/pagination_mixin_test.dart: PaginationState copyWith with clearError should remove error message
00:04 +167: C:/Users/Victor/Desktop/AppMube/test/unit/core/pagination_mixin_test.dart: PaginationState should implement equality correctly
00:04 +168: C:/Users/Victor/Desktop/AppMube/test/unit/core/pagination_mixin_test.dart: PaginationState toString should return meaningful representation
00:04 +169: C:/Users/Victor/Desktop/AppMube/test/unit/core/pagination_mixin_test.dart: PaginationStatus should have all expected values
00:04 +170: C:/Users/Victor/Desktop/AppMube/test/unit/core/pagination_mixin_test.dart: PaginationStateAsyncValue should convert initial state to AsyncValue.loading
00:04 +171: C:/Users/Victor/Desktop/AppMube/test/unit/core/pagination_mixin_test.dart: PaginationStateAsyncValue should convert loading state to AsyncValue.loading
00:04 +172: C:/Users/Victor/Desktop/AppMube/test/unit/core/pagination_mixin_test.dart: PaginationStateAsyncValue should convert loaded state to AsyncValue.data
00:04 +173: C:/Users/Victor/Desktop/AppMube/test/unit/core/pagination_mixin_test.dart: PaginationStateAsyncValue should convert loadingMore state to AsyncValue.data
00:04 +174: C:/Users/Victor/Desktop/AppMube/test/unit/core/pagination_mixin_test.dart: PaginationStateAsyncValue should convert noMoreData state to AsyncValue.data
00:04 +175: C:/Users/Victor/Desktop/AppMube/test/unit/core/pagination_mixin_test.dart: PaginationStateAsyncValue should convert error state to AsyncValue.error
00:04 +176: C:/Users/Victor/Desktop/AppMube/test/unit/core/pagination_mixin_test.dart: PaginationStateAsyncValue should use default error message when errorMessage is null
00:04 +177: C:/Users/Victor/Desktop/AppMube/test/unit/core/rate_limiter_test.dart: RateLimiter should allow requests within limit
00:04 +178: C:/Users/Victor/Desktop/AppMube/test/unit/core/rate_limiter_test.dart: RateLimiter should block requests over limit
00:04 +179: C:/Users/Victor/Desktop/AppMube/test/unit/core/rate_limiter_test.dart: RateLimiter should track different keys independently
00:04 +180: C:/Users/Victor/Desktop/AppMube/test/unit/core/rate_limiter_test.dart: RateLimiter should report correct remaining requests
00:04 +181: C:/Users/Victor/Desktop/AppMube/test/unit/core/rate_limiter_test.dart: RateLimiter should return zero remaining when limit reached
00:04 +182: C:/Users/Victor/Desktop/AppMube/test/unit/core/rate_limiter_test.dart: RateLimiter should return time until next request when limited
00:04 +183: C:/Users/Victor/Desktop/AppMube/test/unit/core/rate_limiter_test.dart: RateLimiter should return zero duration when not limited
00:04 +184: C:/Users/Victor/Desktop/AppMube/test/unit/core/rate_limiter_test.dart: RateLimiter should clear specific key
00:04 +185: C:/Users/Victor/Desktop/AppMube/test/unit/core/rate_limiter_test.dart: RateLimiter should clear all keys
00:04 +186: C:/Users/Victor/Desktop/AppMube/test/unit/core/rate_limiter_test.dart: RateLimitConfigs search config should have correct limits
00:04 +187: C:/Users/Victor/Desktop/AppMube/test/unit/core/rate_limiter_test.dart: RateLimitConfigs apiCalls config should have correct limits
00:04 +188: C:/Users/Victor/Desktop/AppMube/test/unit/core/rate_limiter_test.dart: RateLimitConfigs uploads config should have correct limits
00:04 +189: C:/Users/Victor/Desktop/AppMube/test/unit/core/rate_limiter_test.dart: RateLimitConfigs chatMessages config should have correct limits
00:04 +190: C:/Users/Victor/Desktop/AppMube/test/unit/core/rate_limiter_test.dart: RateLimitConfigs matchpointSwipes config should have correct limits
00:04 +191: C:/Users/Victor/Desktop/AppMube/test/unit/core/rate_limiter_test.dart: RateLimitConfigs loginAttempts config should have correct limits
00:04 +192: C:/Users/Victor/Desktop/AppMube/test/unit/design_system/optimized_image_test.dart: OptimizedImage ImageResolution enum deve ter valores corretos
00:04 +193: C:/Users/Victor/Desktop/AppMube/test/unit/design_system/optimized_image_test.dart: OptimizedImage Factory constructors avatarSmall deve criar widget correto
00:04 +194: C:/Users/Victor/Desktop/AppMube/test/unit/design_system/optimized_image_test.dart: OptimizedImage Factory constructors avatarMedium deve criar widget correto
00:04 +195: C:/Users/Victor/Desktop/AppMube/test/unit/design_system/optimized_image_test.dart: OptimizedImage Factory constructors avatarLarge deve criar widget correto
00:04 +196: C:/Users/Victor/Desktop/AppMube/test/unit/design_system/optimized_image_test.dart: OptimizedImage Factory constructors card deve criar widget correto
00:04 +197: C:/Users/Victor/Desktop/AppMube/test/unit/design_system/optimized_image_test.dart: OptimizedImage Factory constructors fullscreen deve criar widget correto
00:04 +198: C:/Users/Victor/Desktop/AppMube/test/unit/design_system/optimized_image_test.dart: OptimizedImage Cache width calculation width deve ser acess├¡vel
00:04 +199: C:/Users/Victor/Desktop/AppMube/test/unit/design_system/optimized_image_test.dart: OptimizedImage Cache width calculation width deve ser acess├¡vel quando menor que resolu├º├úo
00:04 +200: C:/Users/Victor/Desktop/AppMube/test/unit/design_system/optimized_image_test.dart: OptimizedImage Widget rendering deve mostrar error widget quando URL ├® nula
00:04 +201: C:/Users/Victor/Desktop/AppMube/test/unit/design_system/optimized_image_test.dart: OptimizedImage Widget rendering deve mostrar error widget quando URL ├® nula
00:04 +202: C:/Users/Victor/Desktop/AppMube/test/unit/design_system/optimized_image_test.dart: OptimizedImage Widget rendering deve mostrar error widget quando URL ├® nula
00:04 +203: C:/Users/Victor/Desktop/AppMube/test/unit/design_system/optimized_image_test.dart: OptimizedImage Widget rendering deve mostrar error widget quando URL ├® nula
00:04 +204: C:/Users/Victor/Desktop/AppMube/test/unit/design_system/optimized_image_test.dart: OptimizedImage Widget rendering deve mostrar error widget quando URL ├® nula
00:04 +205: C:/Users/Victor/Desktop/AppMube/test/unit/design_system/optimized_image_test.dart: OptimizedImage Widget rendering deve mostrar error widget quando URL ├® nula
00:04 +206: C:/Users/Victor/Desktop/AppMube/test/unit/design_system/optimized_image_test.dart: OptimizedImage Widget rendering deve mostrar error widget quando URL ├® nula
00:04 +207: C:/Users/Victor/Desktop/AppMube/test/unit/design_system/optimized_image_test.dart: OptimizedImage Widget rendering deve mostrar error widget quando URL ├® nula
00:04 +208: C:/Users/Victor/Desktop/AppMube/test/unit/design_system/optimized_image_test.dart: OptimizedImage Widget rendering deve mostrar error widget quando URL ├® vazia
00:04 +209: C:/Users/Victor/Desktop/AppMube/test/unit/design_system/optimized_image_test.dart: OptimizedImageList deve renderizar GridView
00:05 +210: C:/Users/Victor/Desktop/AppMube/test/unit/features/chat/chat_repository_test.dart: ChatRepository getOrCreateConversation should create new conversation when it does not exist
00:05 +211: C:/Users/Victor/Desktop/AppMube/test/unit/features/chat/chat_repository_test.dart: ChatRepository getOrCreateConversation should create new conversation when it does not exist
00:05 +212: C:/Users/Victor/Desktop/AppMube/test/unit/features/chat/chat_repository_test.dart: ChatRepository sendMessage should send message successfully
00:05 +213: C:/Users/Victor/Desktop/AppMube/test/unit/features/chat/chat_repository_test.dart: ChatRepository deleteConversation should delete only my preview and keep conversation
00:05 +214: C:/Users/Victor/Desktop/AppMube/test/unit/features/favorites/favorite_repository_test.dart: FavoriteRepository loadFavorites returns set of ids
00:05 +215: C:/Users/Victor/Desktop/AppMube/test/unit/features/favorites/favorite_repository_test.dart: FavoriteRepository addFavorite writes current user favorites subcollection
00:05 +216: C:/Users/Victor/Desktop/AppMube/test/unit/features/favorites/favorite_repository_test.dart: FavoriteRepository removeFavorite deletes favorite doc
00:05 +217: C:/Users/Victor/Desktop/AppMube/test/unit/features/favorites/favorite_repository_test.dart: FavoriteRepository removeFavorite is idempotent when doc does not exist
00:05 +218: C:/Users/Victor/Desktop/AppMube/test/unit/features/favorites/favorite_repository_test.dart: FavoriteRepository getLikeCount reads likeCount from users collection
00:05 +219: C:/Users/Victor/Desktop/AppMube/test/unit/features/favorites/favorite_repository_test.dart: FavoriteRepository getLikeCount falls back to favorites_count in users
00:05 +220: C:/Users/Victor/Desktop/AppMube/test/unit/features/favorites/favorite_repository_test.dart: FavoriteRepository getLikeCount falls back to profiles collection for legacy docs
00:05 +221: C:/Users/Victor/Desktop/AppMube/test/unit/features/favorites/presentation/favorite_controller_test.dart: FavoriteController initial state has empty sets
00:05 +222: C:/Users/Victor/Desktop/AppMube/test/unit/features/favorites/presentation/favorite_controller_test.dart: FavoriteController loadFavorites loads favorites from repository
00:05 +223: C:/Users/Victor/Desktop/AppMube/test/unit/features/favorites/presentation/favorite_controller_test.dart: FavoriteController loadFavorites handles load error gracefully
00:05 +224: C:/Users/Victor/Desktop/AppMube/test/unit/features/favorites/presentation/favorite_controller_test.dart: FavoriteController loadFavorites returns early when user is null
00:05 +225: C:/Users/Victor/Desktop/AppMube/test/unit/features/favorites/presentation/favorite_controller_test.dart: FavoriteController isLiked returns true when item is in localFavorites
00:05 +226: C:/Users/Victor/Desktop/AppMube/test/unit/features/favorites/presentation/favorite_controller_test.dart: FavoriteController toggle (optimistic UI) adds item optimistically and syncs with server
00:05 +227: C:/Users/Victor/Desktop/AppMube/test/unit/features/favorites/presentation/favorite_controller_test.dart: FavoriteController toggle (optimistic UI) removes item optimistically and syncs with server
00:05 +228: C:/Users/Victor/Desktop/AppMube/test/unit/features/favorites/presentation/favorite_controller_test.dart: FavoriteController toggle (optimistic UI) rolls back on add failure
00:05 +229: C:/Users/Victor/Desktop/AppMube/test/unit/features/favorites/presentation/favorite_controller_test.dart: FavoriteController toggle (optimistic UI) rolls back on remove failure
00:05 +230: C:/Users/Victor/Desktop/AppMube/test/unit/features/favorites/presentation/favorite_controller_test.dart: FavoriteController toggle (optimistic UI) coalesces rapid toggles and keeps latest intent
00:05 +231: C:/Users/Victor/Desktop/AppMube/test/unit/features/favorites/presentation/favorite_controller_test.dart: FavoriteController toggle (optimistic UI) ignores stale failed request when a newer intent exists
00:05 +232: C:/Users/Victor/Desktop/AppMube/test/unit/features/favorites/presentation/favorite_controller_test.dart: FavoriteController toggle (optimistic UI) multiple toggles on different items work independently
00:05 +233: C:/Users/Victor/Desktop/AppMube/test/unit/features/favorites/presentation/favorite_controller_test.dart: FavoriteController toggle (optimistic UI) keeps local like count when stale server count arrives
00:05 +234: C:/Users/Victor/Desktop/AppMube/test/unit/features/favorites/presentation/favorite_controller_test.dart: FavoriteController toggle (optimistic UI) rolls back like count on add failure
00:05 +235: C:/Users/Victor/Desktop/AppMube/test/unit/features/feed/feed_repository_test.dart: FeedRepository getNearbyUsers returns list of FeedItem on success
00:05 +236: C:/Users/Victor/Desktop/AppMube/test/unit/features/feed/feed_repository_test.dart: FeedRepository getUsersByType returns list of FeedItem on success
00:05 +237: C:/Users/Victor/Desktop/AppMube/test/unit/features/feed/feed_repository_test.dart: FeedRepository getMainFeedPaginated returns PaginatedFeedResponse
00:05 +238: C:/Users/Victor/Desktop/AppMube/test/unit/features/feed/feed_repository_test.dart: FeedRepository getNearbyUsers returns empty list when no data
00:05 +239: C:/Users/Victor/Desktop/AppMube/test/unit/features/feed/feed_repository_test.dart: FeedRepository methods throw when throwError is true
00:05 +240: C:/Users/Victor/Desktop/AppMube/test/unit/features/feed/feed_repository_test.dart: FeedRepository getArtists returns artists list
00:06 +241: C:/Users/Victor/Desktop/AppMube/test/unit/features/feed/presentation/feed_controller_test.dart: FeedController initial state is correct
00:06 +242: C:/Users/Victor/Desktop/AppMube/test/unit/features/feed/presentation/feed_controller_test.dart: FeedController loadAllData fetches sections and main feed
00:06 +243: C:/Users/Victor/Desktop/AppMube/test/unit/features/feed/presentation/feed_controller_test.dart: FeedController loadAllData fetches sections and main feed
00:06 +244: C:/Users/Victor/Desktop/AppMube/test/unit/features/feed/presentation/feed_controller_test.dart: FeedController loadAllData fetches sections and main feed
00:06 +245: C:/Users/Victor/Desktop/AppMube/test/unit/features/feed/presentation/feed_controller_test.dart: FeedController loadAllData fetches sections and main feed
00:06 +246: C:/Users/Victor/Desktop/AppMube/test/unit/features/feed/presentation/feed_controller_test.dart: FeedController loadAllData fetches sections and main feed
00:06 +247: C:/Users/Victor/Desktop/AppMube/test/unit/features/feed/presentation/feed_controller_test.dart: FeedController loadAllData fetches sections and main feed
00:06 +248: C:/Users/Victor/Desktop/AppMube/test/unit/features/feed/presentation/feed_controller_test.dart: FeedController loadAllData fetches sections and main feed
00:06 +249: C:/Users/Victor/Desktop/AppMube/test/unit/features/feed/presentation/feed_controller_test.dart: FeedController loadAllData fetches sections and main feed
00:06 +250: C:/Users/Victor/Desktop/AppMube/test/unit/features/feed/presentation/feed_controller_test.dart: FeedController loadAllData fetches sections and main feed
00:06 +251: C:/Users/Victor/Desktop/AppMube/test/unit/features/feed/presentation/feed_controller_test.dart: FeedController loadAllData fetches sections and main feed
00:06 +252: C:/Users/Victor/Desktop/AppMube/test/unit/features/feed/presentation/feed_controller_test.dart: FeedController loadAllData fetches sections and main feed
00:06 +253: C:/Users/Victor/Desktop/AppMube/test/unit/features/feed/presentation/feed_controller_test.dart: FeedController loadAllData fetches sections and main feed
00:06 +254: C:/Users/Victor/Desktop/AppMube/test/unit/features/feed/presentation/feed_controller_test.dart: FeedController loadAllData fetches sections and main feed
00:06 +255: C:/Users/Victor/Desktop/AppMube/test/unit/features/feed/presentation/feed_controller_test.dart: FeedController loadAllData fetches sections and main feed
00:06 +256: C:/Users/Victor/Desktop/AppMube/test/unit/features/feed/presentation/feed_controller_test.dart: FeedController loadAllData fetches sections and main feed
00:06 +257: C:/Users/Victor/Desktop/AppMube/test/unit/features/feed/presentation/feed_controller_test.dart: FeedController loadAllData fetches sections and main feed
00:06 +258: C:/Users/Victor/Desktop/AppMube/test/unit/features/feed/presentation/feed_controller_test.dart: FeedController loadAllData fetches sections and main feed
00:06 +259: C:/Users/Victor/Desktop/AppMube/test/unit/features/feed/presentation/feed_controller_test.dart: FeedController loadAllData fetches sections and main feed
00:06 +260: C:/Users/Victor/Desktop/AppMube/test/unit/features/feed/presentation/feed_controller_test.dart: FeedController loadAllData fetches sections and main feed
00:06 +261: C:/Users/Victor/Desktop/AppMube/test/unit/features/feed/presentation/feed_controller_test.dart: FeedController loadAllData fetches sections and main feed
00:06 +262: C:/Users/Victor/Desktop/AppMube/test/unit/features/feed/presentation/feed_controller_test.dart: FeedController loadAllData fetches sections and main feed
00:06 +263: C:/Users/Victor/Desktop/AppMube/test/unit/features/feed/presentation/feed_controller_test.dart: FeedController loadAllData fetches sections and main feed
00:07 +264: C:/Users/Victor/Desktop/AppMube/test/unit/features/feed/presentation/feed_controller_test.dart: FeedController loadAllData fetches sections and main feed
00:07 +265: C:/Users/Victor/Desktop/AppMube/test/unit/features/feed/presentation/feed_controller_test.dart: FeedController loadAllData fetches sections and main feed
00:07 +265 -1: C:/Users/Victor/Desktop/AppMube/test/unit/features/feed/presentation/feed_controller_test.dart: FeedController loadAllData fetches sections and main feed
00:07 +265 -1: C:/Users/Victor/Desktop/AppMube/test/unit/features/moderation/moderation_repository_test.dart: ModerationRepository blockUser should create blocked document and return Right [E]
  Expected: <true>
    Actual: <false>
  
  package:matcher                                                     expect
  package:flutter_test/src/widget_tester.dart 473:18                  expect
  test\unit\features\moderation\moderation_repository_test.dart 71:9  main.<fn>.<fn>.<fn>
  
00:07 +265 -2: C:/Users/Victor/Desktop/AppMube/test/unit/features/feed/presentation/feed_controller_test.dart: FeedController loadAllData fetches sections and main feed
00:07 +265 -2: C:/Users/Victor/Desktop/AppMube/test/unit/features/moderation/moderation_repository_test.dart: ModerationRepository blockUser should not fail when blocking an already blocked user [E]
  Expected: <true>
    Actual: <false>
  
  package:matcher                                                     expect
  package:flutter_test/src/widget_tester.dart 473:18                  expect
  test\unit\features\moderation\moderation_repository_test.dart 97:9  main.<fn>.<fn>.<fn>
  
00:07 +265 -3: C:/Users/Victor/Desktop/AppMube/test/unit/features/feed/presentation/feed_controller_test.dart: FeedController loadAllData fetches sections and main feed
00:07 +265 -3: C:/Users/Victor/Desktop/AppMube/test/unit/features/moderation/moderation_repository_test.dart: ModerationRepository unblockUser should delete blocked document and return Right [E]
  Expected: <true>
    Actual: <false>
  
  package:matcher                                                      expect
  package:flutter_test/src/widget_tester.dart 473:18                   expect
  test\unit\features\moderation\moderation_repository_test.dart 121:9  main.<fn>.<fn>.<fn>
  
00:07 +265 -4: C:/Users/Victor/Desktop/AppMube/test/unit/features/feed/presentation/feed_controller_test.dart: FeedController loadAllData fetches sections and main feed
00:07 +265 -4: C:/Users/Victor/Desktop/AppMube/test/unit/features/moderation/moderation_repository_test.dart: ModerationRepository unblockUser should return Right even when user was not blocked [E]
  Expected: <true>
    Actual: <false>
  
  package:matcher                                                      expect
  package:flutter_test/src/widget_tester.dart 473:18                   expect
  test\unit\features\moderation\moderation_repository_test.dart 140:9  main.<fn>.<fn>.<fn>
  
00:07 +266 -4: C:/Users/Victor/Desktop/AppMube/test/unit/features/feed/presentation/feed_controller_test.dart: FeedController loadAllData fetches sections and main feed
00:07 +267 -4: C:/Users/Victor/Desktop/AppMube/test/unit/features/feed/presentation/feed_controller_test.dart: FeedController loadAllData fetches sections and main feed
00:07 +268 -4: C:/Users/Victor/Desktop/AppMube/test/unit/features/feed/presentation/feed_controller_test.dart: FeedController loadAllData fetches sections and main feed
00:07 +269 -4: C:/Users/Victor/Desktop/AppMube/test/unit/features/feed/presentation/feed_controller_test.dart: FeedController loadAllData fetches sections and main feed
00:07 +270 -4: C:/Users/Victor/Desktop/AppMube/test/unit/features/feed/presentation/feed_controller_test.dart: FeedController loadAllData fetches sections and main feed
00:07 +271 -4: C:/Users/Victor/Desktop/AppMube/test/unit/features/feed/presentation/feed_controller_test.dart: FeedController loadAllData fetches sections and main feed
00:07 +272 -4: C:/Users/Victor/Desktop/AppMube/test/unit/features/feed/presentation/feed_controller_test.dart: FeedController loadAllData fetches sections and main feed
00:07 +273 -4: C:/Users/Victor/Desktop/AppMube/test/unit/features/feed/presentation/feed_controller_test.dart: FeedController loadAllData fetches sections and main feed
00:07 +274 -4: C:/Users/Victor/Desktop/AppMube/test/unit/features/feed/presentation/feed_controller_test.dart: FeedController loadAllData fetches sections and main feed
00:07 +275 -4: C:/Users/Victor/Desktop/AppMube/test/unit/features/feed/presentation/feed_controller_test.dart: FeedController loadAllData fetches sections and main feed
00:07 +276 -4: C:/Users/Victor/Desktop/AppMube/test/unit/features/feed/presentation/feed_controller_test.dart: FeedController loadAllData fetches sections and main feed
00:07 +277 -4: C:/Users/Victor/Desktop/AppMube/test/unit/features/feed/presentation/feed_controller_test.dart: FeedController loadAllData fetches sections and main feed
00:07 +278 -4: C:/Users/Victor/Desktop/AppMube/test/unit/features/feed/presentation/feed_controller_test.dart: FeedController loadAllData fetches sections and main feed
00:07 +279 -4: C:/Users/Victor/Desktop/AppMube/test/unit/features/feed/presentation/feed_controller_test.dart: FeedController loadAllData fetches sections and main feed
00:07 +280 -4: C:/Users/Victor/Desktop/AppMube/test/unit/features/feed/presentation/feed_controller_test.dart: FeedController loadAllData fetches sections and main feed
00:07 +281 -4: C:/Users/Victor/Desktop/AppMube/test/unit/features/feed/presentation/feed_controller_test.dart: FeedController loadAllData fetches sections and main feed
00:07 +282 -4: C:/Users/Victor/Desktop/AppMube/test/unit/features/feed/presentation/feed_controller_test.dart: FeedController loadAllData fetches sections and main feed
00:07 +282 -5: C:/Users/Victor/Desktop/AppMube/test/unit/features/feed/presentation/feed_controller_test.dart: FeedController loadAllData fetches sections and main feed
00:07 +282 -5: C:/Users/Victor/Desktop/AppMube/test/unit/features/profile/presentation/public_profile_controller_test.dart: PublicProfileController blockUser calls repository successfully [E]
  Cannot use the Ref of feedControllerProvider after it has been disposed. This typically happens if:
  - A provider rebuilt, but the previous "build" was still pending and is still performing operations.
    You should therefore either use `ref.onDispose` to cancel pending work, or
    check `ref.mounted` after async gaps or anything that could invalidate the provider.
  - You tried to use Ref inside `onDispose` or other life-cycles.
    This is not supported, as the provider is already being disposed.
  
  package:riverpod/src/core/ref.dart 220:7                                              Ref._throwIfInvalidUsage
  package:riverpod/src/core/provider/notifier_provider.dart 82:9                        AnyNotifier.state
  package:mube/src/features/feed/presentation/feed_controller.dart 165:22               FeedController.loadAllData
  ===== asynchronous gap ===========================
  dart:async                                                                            _CustomZone.registerBinaryCallback
  package:mube/src/features/feed/presentation/feed_controller.dart 146:20               FeedController.loadAllData
  package:mube/src/features/profile/presentation/public_profile_controller.dart 188:59  PublicProfileController.blockUser.<fn>
  package:fpdart/src/either.dart 532:14                                                 Right.match
  package:fpdart/src/either.dart 280:7                                                  Either.fold
  package:mube/src/features/profile/presentation/public_profile_controller.dart 186:19  PublicProfileController.blockUser
  ===== asynchronous gap ===========================
  dart:async                                                                            _CustomZone.registerUnaryCallback
  package:mube/src/features/profile/presentation/public_profile_controller.dart 179:20  PublicProfileController.blockUser
  test\unit\features\profile\presentation\public_profile_controller_test.dart 178:39    main.<fn>.<fn>
  ===== asynchronous gap ===========================
  dart:async                                                                            _CustomZone.registerUnaryCallback
  test\unit\features\profile\presentation\public_profile_controller_test.dart 106:7     main.<fn>.<fn>
  
00:08 +282 -5: C:/Users/Victor/Desktop/AppMube/test/unit/features/search/search_repository_test.dart: SearchRepository searchUsers should return list of matching users
[Search] Request 1: 1 results from 1 docs
00:08 +283 -5: C:/Users/Victor/Desktop/AppMube/test/unit/features/feed/presentation/feed_controller_test.dart: FeedController loadAllData fetches sections and main feed
00:08 +283 -5: C:/Users/Victor/Desktop/AppMube/test/unit/features/search/search_repository_test.dart: SearchRepository should filter out hidden profiles (Ghost Mode)
[Search] Request 2: 1 results from 2 docs
00:08 +284 -5: C:/Users/Victor/Desktop/AppMube/test/unit/features/feed/presentation/feed_controller_test.dart: FeedController loadAllData fetches sections and main feed
00:08 +285 -5: C:/Users/Victor/Desktop/AppMube/test/unit/features/feed/presentation/feed_controller_test.dart: FeedController loadAllData fetches sections and main feed
00:08 +286 -5: C:/Users/Victor/Desktop/AppMube/test/unit/features/feed/presentation/feed_controller_test.dart: FeedController loadAllData fetches sections and main feed
00:08 +287 -5: C:/Users/Victor/Desktop/AppMube/test/unit/features/feed/presentation/feed_controller_test.dart: FeedController loadAllData fetches sections and main feed
00:08 +288 -5: C:/Users/Victor/Desktop/AppMube/test/unit/features/feed/presentation/feed_controller_test.dart: FeedController loadAllData fetches sections and main feed
00:08 +289 -5: C:/Users/Victor/Desktop/AppMube/test/unit/features/feed/presentation/feed_controller_test.dart: FeedController loadAllData fetches sections and main feed
00:08 +289 -6: C:/Users/Victor/Desktop/AppMube/test/unit/features/feed/presentation/feed_controller_test.dart: FeedController loadAllData fetches sections and main feed
00:08 +289 -6: C:/Users/Victor/Desktop/AppMube/test/unit/features/search/presentation/search_controller_test.dart: SearchController - Filtros Complexos setTerm should update filters and trigger debounced search [E]
  Expected: a value greater than <0>
    Actual: <0>
     Which: is not a value greater than <0>
  
  package:matcher                                                           expect
  package:flutter_test/src/widget_tester.dart 473:18                        expect
  test\unit\features\search\presentation\search_controller_test.dart 117:9  main.<fn>.<fn>
  
00:08 +289 -6: C:/Users/Victor/Desktop/AppMube/test/unit/features/feed/presentation/feed_controller_test.dart: FeedController loadAllData fetches sections and main feed
00:08 +289 -6: C:/Users/Victor/Desktop/AppMube/test/unit/features/search/presentation/search_controller_test.dart: SearchController - Filtros Complexos setTerm should update filters and trigger debounced search [E]
  Cannot use the Ref of NotifierProvider<SearchController, SearchPaginationState>#f69ca after it has been disposed. This typically happens if:
  - A provider rebuilt, but the previous "build" was still pending and is still performing operations.
    You should therefore either use `ref.onDispose` to cancel pending work, or
    check `ref.mounted` after async gaps or anything that could invalidate the provider.
  - You tried to use Ref inside `onDispose` or other life-cycles.
    This is not supported, as the provider is already being disposed.
  
  package:riverpod/src/core/ref.dart 220:7                                     Ref._throwIfInvalidUsage
  package:riverpod/src/core/provider/notifier_provider.dart 82:9               AnyNotifier.state
  package:mube/src/features/search/presentation/search_controller.dart 358:57  SearchController._performSearch
  ===== asynchronous gap ===========================
  dart:async                                                                   _CustomZone.registerUnaryCallback
  package:mube/src/features/search/presentation/search_controller.dart 355:26  SearchController._performSearch
  ===== asynchronous gap ===========================
  dart:async                                                                   new Future.microtask
  package:mube/src/features/search/presentation/search_controller.dart 145:12  SearchController.build
  package:riverpod/src/providers/notifier/orphan.dart 70:21                    Notifier.runBuild
  package:riverpod/src/core/provider/notifier_provider.dart 561:26             $ClassProviderElement.create
  package:riverpod/src/core/element.dart 665:28                                ProviderElement.buildState
  package:riverpod/src/core/element.dart 517:7                                 ProviderElement.mount
  package:riverpod/src/core/element.dart 620:7                                 ProviderElement.flush
  package:riverpod/src/core/provider/provider.dart 117:24                      $ProviderBaseImpl._addListener
  package:riverpod/src/core/proxy_provider_listenable.dart 106:31              ProviderElementProxy._addListener
  package:riverpod/src/core/provider_container.dart 954:26                     ProviderContainer.listen
  package:riverpod/src/core/provider_container.dart 911:17                     ProviderContainer.read
  test\unit\features\search\presentation\search_controller_test.dart 106:38    main.<fn>.<fn>
  
  Cannot use the Ref of NotifierProvider<SearchController, SearchPaginationState>#f69ca after it has been disposed. This typically happens if:
  - A provider rebuilt, but the previous "build" was still pending and is still performing operations.
    You should therefore either use `ref.onDispose` to cancel pending work, or
    check `ref.mounted` after async gaps or anything that could invalidate the provider.
  - You tried to use Ref inside `onDispose` or other life-cycles.
    This is not supported, as the provider is already being disposed.
  
  package:riverpod/src/core/ref.dart 220:7                                     Ref._throwIfInvalidUsage
  package:riverpod/src/core/provider/notifier_provider.dart 82:9               AnyNotifier.state
  package:mube/src/features/search/presentation/search_controller.dart 358:57  SearchController._performSearch
  ===== asynchronous gap ===========================
  dart:async                                                                   _CustomZone.registerUnaryCallback
  package:mube/src/features/search/presentation/search_controller.dart 355:26  SearchController._performSearch
  ===== asynchronous gap ===========================
  dart:async                                                                   new Timer
  package:mube/src/features/search/presentation/search_controller.dart 349:22  SearchController._debouncedSearch
  package:mube/src/features/search/presentation/search_controller.dart 158:5   SearchController.setTerm
  test\unit\features\search\presentation\search_controller_test.dart 109:20    main.<fn>.<fn>
  
00:08 +289 -7: C:/Users/Victor/Desktop/AppMube/test/unit/features/feed/presentation/feed_controller_test.dart: FeedController loadAllData fetches sections and main feed
00:08 +289 -7: C:/Users/Victor/Desktop/AppMube/test/unit/features/search/presentation/search_controller_test.dart: SearchController - Filtros Complexos setCategory should update category filter and search [E]
  Expected: a value greater than <0>
    Actual: <0>
     Which: is not a value greater than <0>
  
  package:matcher                                                           expect
  package:flutter_test/src/widget_tester.dart 473:18                        expect
  test\unit\features\search\presentation\search_controller_test.dart 134:7  main.<fn>.<fn>
  
00:08 +289 -7: C:/Users/Victor/Desktop/AppMube/test/unit/features/feed/presentation/feed_controller_test.dart: FeedController loadAllData fetches sections and main feed
00:08 +289 -7: C:/Users/Victor/Desktop/AppMube/test/unit/features/search/presentation/search_controller_test.dart: SearchController - Filtros Complexos setCategory should update category filter and search [E]
  Cannot use the Ref of NotifierProvider<SearchController, SearchPaginationState>#f69ca after it has been disposed. This typically happens if:
  - A provider rebuilt, but the previous "build" was still pending and is still performing operations.
    You should therefore either use `ref.onDispose` to cancel pending work, or
    check `ref.mounted` after async gaps or anything that could invalidate the provider.
  - You tried to use Ref inside `onDispose` or other life-cycles.
    This is not supported, as the provider is already being disposed.
  
  package:riverpod/src/core/ref.dart 220:7                                     Ref._throwIfInvalidUsage
  package:riverpod/src/core/provider/notifier_provider.dart 82:9               AnyNotifier.state
  package:mube/src/features/search/presentation/search_controller.dart 358:57  SearchController._performSearch
  ===== asynchronous gap ===========================
  dart:async                                                                   _CustomZone.registerUnaryCallback
  package:mube/src/features/search/presentation/search_controller.dart 355:26  SearchController._performSearch
  ===== asynchronous gap ===========================
  dart:async                                                                   new Future.microtask
  package:mube/src/features/search/presentation/search_controller.dart 145:12  SearchController.build
  package:riverpod/src/providers/notifier/orphan.dart 70:21                    Notifier.runBuild
  package:riverpod/src/core/provider/notifier_provider.dart 561:26             $ClassProviderElement.create
  package:riverpod/src/core/element.dart 665:28                                ProviderElement.buildState
  package:riverpod/src/core/element.dart 517:7                                 ProviderElement.mount
  package:riverpod/src/core/element.dart 620:7                                 ProviderElement.flush
  package:riverpod/src/core/provider/provider.dart 117:24                      $ProviderBaseImpl._addListener
  package:riverpod/src/core/proxy_provider_listenable.dart 106:31              ProviderElementProxy._addListener
  package:riverpod/src/core/provider_container.dart 954:26                     ProviderContainer.listen
  package:riverpod/src/core/provider_container.dart 911:17                     ProviderContainer.read
  test\unit\features\search\presentation\search_controller_test.dart 123:36    main.<fn>.<fn>
  
  Cannot use the Ref of NotifierProvider<SearchController, SearchPaginationState>#f69ca after it has been disposed. This typically happens if:
  - A provider rebuilt, but the previous "build" was still pending and is still performing operations.
    You should therefore either use `ref.onDispose` to cancel pending work, or
    check `ref.mounted` after async gaps or anything that could invalidate the provider.
  - You tried to use Ref inside `onDispose` or other life-cycles.
    This is not supported, as the provider is already being disposed.
  
  package:riverpod/src/core/ref.dart 220:7                                     Ref._throwIfInvalidUsage
  package:riverpod/src/core/provider/notifier_provider.dart 82:9               AnyNotifier.state
  package:mube/src/features/search/presentation/search_controller.dart 358:57  SearchController._performSearch
  ===== asynchronous gap ===========================
  dart:async                                                                   _CustomZone.registerUnaryCallback
  package:mube/src/features/search/presentation/search_controller.dart 355:26  SearchController._performSearch
  package:mube/src/features/search/presentation/search_controller.dart 170:5   SearchController.setCategory
  test\unit\features\search\presentation\search_controller_test.dart 128:18    main.<fn>.<fn>
  ===== asynchronous gap ===========================
  dart:async                                                                   _CustomZone.registerUnaryCallback
  test\unit\features\search\presentation\search_controller_test.dart 124:7     main.<fn>.<fn>
  
00:08 +289 -8: C:/Users/Victor/Desktop/AppMube/test/unit/features/feed/presentation/feed_controller_test.dart: FeedController loadAllData fetches sections and main feed
00:08 +289 -8: C:/Users/Victor/Desktop/AppMube/test/unit/features/search/presentation/search_controller_test.dart: SearchController - Filtros Complexos setCategory should reset professionalSubcategory [E]
  Cannot use the Ref of NotifierProvider<SearchController, SearchPaginationState>#f69ca after it has been disposed. This typically happens if:
  - A provider rebuilt, but the previous "build" was still pending and is still performing operations.
    You should therefore either use `ref.onDispose` to cancel pending work, or
    check `ref.mounted` after async gaps or anything that could invalidate the provider.
  - You tried to use Ref inside `onDispose` or other life-cycles.
    This is not supported, as the provider is already being disposed.
  
  package:riverpod/src/core/ref.dart 220:7                                     Ref._throwIfInvalidUsage
  package:riverpod/src/core/provider/notifier_provider.dart 82:9               AnyNotifier.state
  package:mube/src/features/search/presentation/search_controller.dart 358:57  SearchController._performSearch
  ===== asynchronous gap ===========================
  dart:async                                                                   _CustomZone.registerUnaryCallback
  package:mube/src/features/search/presentation/search_controller.dart 355:26  SearchController._performSearch
  package:mube/src/features/search/presentation/search_controller.dart 179:5   SearchController.setProfessionalSubcategory
  test\unit\features\search\presentation\search_controller_test.dart 142:18    main.<fn>.<fn>
  
  Cannot use the Ref of NotifierProvider<SearchController, SearchPaginationState>#f69ca after it has been disposed. This typically happens if:
  - A provider rebuilt, but the previous "build" was still pending and is still performing operations.
    You should therefore either use `ref.onDispose` to cancel pending work, or
    check `ref.mounted` after async gaps or anything that could invalidate the provider.
  - You tried to use Ref inside `onDispose` or other life-cycles.
    This is not supported, as the provider is already being disposed.
  
  package:riverpod/src/core/ref.dart 220:7                                     Ref._throwIfInvalidUsage
  package:riverpod/src/core/provider/notifier_provider.dart 82:9               AnyNotifier.state
  package:mube/src/features/search/presentation/search_controller.dart 358:57  SearchController._performSearch
  ===== asynchronous gap ===========================
  dart:async                                                                   _CustomZone.registerUnaryCallback
  package:mube/src/features/search/presentation/search_controller.dart 355:26  SearchController._performSearch
  ===== asynchronous gap ===========================
  dart:async                                                                   new Future.microtask
  package:mube/src/features/search/presentation/search_controller.dart 145:12  SearchController.build
  package:riverpod/src/providers/notifier/orphan.dart 70:21                    Notifier.runBuild
  package:riverpod/src/core/provider/notifier_provider.dart 561:26             $ClassProviderElement.create
  package:riverpod/src/core/element.dart 665:28                                ProviderElement.buildState
  package:riverpod/src/core/element.dart 517:7                                 ProviderElement.mount
  package:riverpod/src/core/element.dart 620:7                                 ProviderElement.flush
  package:riverpod/src/core/provider/provider.dart 117:24                      $ProviderBaseImpl._addListener
  package:riverpod/src/core/proxy_provider_listenable.dart 106:31              ProviderElementProxy._addListener
  package:riverpod/src/core/provider_container.dart 954:26                     ProviderContainer.listen
  package:riverpod/src/core/provider_container.dart 911:17                     ProviderContainer.read
  test\unit\features\search\presentation\search_controller_test.dart 139:36    main.<fn>.<fn>
  
  Cannot use the Ref of NotifierProvider<SearchController, SearchPaginationState>#f69ca after it has been disposed. This typically happens if:
  - A provider rebuilt, but the previous "build" was still pending and is still performing operations.
    You should therefore either use `ref.onDispose` to cancel pending work, or
    check `ref.mounted` after async gaps or anything that could invalidate the provider.
  - You tried to use Ref inside `onDispose` or other life-cycles.
    This is not supported, as the provider is already being disposed.
  
  package:riverpod/src/core/ref.dart 220:7                                     Ref._throwIfInvalidUsage
  package:riverpod/src/core/provider/notifier_provider.dart 82:9               AnyNotifier.state
  package:mube/src/features/search/presentation/search_controller.dart 358:57  SearchController._performSearch
  ===== asynchronous gap ===========================
  dart:async                                                                   _CustomZone.registerUnaryCallback
  package:mube/src/features/search/presentation/search_controller.dart 355:26  SearchController._performSearch
  package:mube/src/features/search/presentation/search_controller.dart 170:5   SearchController.setCategory
  test\unit\features\search\presentation\search_controller_test.dart 146:18    main.<fn>.<fn>
  ===== asynchronous gap ===========================
  dart:async                                                                   _CustomZone.registerUnaryCallback
  test\unit\features\search\presentation\search_controller_test.dart 143:7     main.<fn>.<fn>
  
00:08 +289 -9: C:/Users/Victor/Desktop/AppMube/test/unit/features/feed/presentation/feed_controller_test.dart: FeedController loadAllData fetches sections and main feed
00:08 +289 -9: C:/Users/Victor/Desktop/AppMube/test/unit/features/search/presentation/search_controller_test.dart: SearchController - Filtros Complexos setProfessionalSubcategory should update subcategory filter [E]
  Cannot use the Ref of NotifierProvider<SearchController, SearchPaginationState>#f69ca after it has been disposed. This typically happens if:
  - A provider rebuilt, but the previous "build" was still pending and is still performing operations.
    You should therefore either use `ref.onDispose` to cancel pending work, or
    check `ref.mounted` after async gaps or anything that could invalidate the provider.
  - You tried to use Ref inside `onDispose` or other life-cycles.
    This is not supported, as the provider is already being disposed.
  
  package:riverpod/src/core/ref.dart 220:7                                     Ref._throwIfInvalidUsage
  package:riverpod/src/core/provider/notifier_provider.dart 82:9               AnyNotifier.state
  package:mube/src/features/search/presentation/search_controller.dart 358:57  SearchController._performSearch
  ===== asynchronous gap ===========================
  dart:async                                                                   _CustomZone.registerUnaryCallback
  package:mube/src/features/search/presentation/search_controller.dart 355:26  SearchController._performSearch
  package:mube/src/features/search/presentation/search_controller.dart 179:5   SearchController.setProfessionalSubcategory
  test\unit\features\search\presentation\search_controller_test.dart 161:20    main.<fn>.<fn>
  
  Cannot use the Ref of NotifierProvider<SearchController, SearchPaginationState>#f69ca after it has been disposed. This typically happens if:
  - A provider rebuilt, but the previous "build" was still pending and is still performing operations.
    You should therefore either use `ref.onDispose` to cancel pending work, or
    check `ref.mounted` after async gaps or anything that could invalidate the provider.
  - You tried to use Ref inside `onDispose` or other life-cycles.
    This is not supported, as the provider is already being disposed.
  
  package:riverpod/src/core/ref.dart 220:7                                     Ref._throwIfInvalidUsage
  package:riverpod/src/core/provider/notifier_provider.dart 82:9               AnyNotifier.state
  package:mube/src/features/search/presentation/search_controller.dart 358:57  SearchController._performSearch
  ===== asynchronous gap ===========================
  dart:async                                                                   _CustomZone.registerUnaryCallback
  package:mube/src/features/search/presentation/search_controller.dart 355:26  SearchController._performSearch
  ===== asynchronous gap ===========================
  dart:async                                                                   new Future.microtask
  package:mube/src/features/search/presentation/search_controller.dart 145:12  SearchController.build
  package:riverpod/src/providers/notifier/orphan.dart 70:21                    Notifier.runBuild
  package:riverpod/src/core/provider/notifier_provider.dart 561:26             $ClassProviderElement.create
  package:riverpod/src/core/element.dart 665:28                                ProviderElement.buildState
  package:riverpod/src/core/element.dart 517:7                                 ProviderElement.mount
  package:riverpod/src/core/element.dart 620:7                                 ProviderElement.flush
  package:riverpod/src/core/provider/provider.dart 117:24                      $ProviderBaseImpl._addListener
  package:riverpod/src/core/proxy_provider_listenable.dart 106:31              ProviderElementProxy._addListener
  package:riverpod/src/core/provider_container.dart 954:26                     ProviderContainer.listen
  package:riverpod/src/core/provider_container.dart 911:17                     ProviderContainer.read
  test\unit\features\search\presentation\search_controller_test.dart 158:38    main.<fn>.<fn>
  
00:08 +289 -10: C:/Users/Victor/Desktop/AppMube/test/unit/features/feed/presentation/feed_controller_test.dart: FeedController loadAllData fetches sections and main feed
00:08 +289 -10: C:/Users/Victor/Desktop/AppMube/test/unit/features/search/presentation/search_controller_test.dart: SearchController - Filtros Complexos setGenres should update genres filter with AND logic [E]
  Cannot use the Ref of NotifierProvider<SearchController, SearchPaginationState>#f69ca after it has been disposed. This typically happens if:
  - A provider rebuilt, but the previous "build" was still pending and is still performing operations.
    You should therefore either use `ref.onDispose` to cancel pending work, or
    check `ref.mounted` after async gaps or anything that could invalidate the provider.
  - You tried to use Ref inside `onDispose` or other life-cycles.
    This is not supported, as the provider is already being disposed.
  
  package:riverpod/src/core/ref.dart 220:7                                     Ref._throwIfInvalidUsage
  package:riverpod/src/core/provider/notifier_provider.dart 82:9               AnyNotifier.state
  package:mube/src/features/search/presentation/search_controller.dart 358:57  SearchController._performSearch
  ===== asynchronous gap ===========================
  dart:async                                                                   _CustomZone.registerUnaryCallback
  package:mube/src/features/search/presentation/search_controller.dart 355:26  SearchController._performSearch
  package:mube/src/features/search/presentation/search_controller.dart 186:5   SearchController.setGenres
  test\unit\features\search\presentation\search_controller_test.dart 181:18    main.<fn>.<fn>
  
  Cannot use the Ref of NotifierProvider<SearchController, SearchPaginationState>#f69ca after it has been disposed. This typically happens if:
  - A provider rebuilt, but the previous "build" was still pending and is still performing operations.
    You should therefore either use `ref.onDispose` to cancel pending work, or
    check `ref.mounted` after async gaps or anything that could invalidate the provider.
  - You tried to use Ref inside `onDispose` or other life-cycles.
    This is not supported, as the provider is already being disposed.
  
  package:riverpod/src/core/ref.dart 220:7                                     Ref._throwIfInvalidUsage
  package:riverpod/src/core/provider/notifier_provider.dart 82:9               AnyNotifier.state
  package:mube/src/features/search/presentation/search_controller.dart 358:57  SearchController._performSearch
  ===== asynchronous gap ===========================
  dart:async                                                                   _CustomZone.registerUnaryCallback
  package:mube/src/features/search/presentation/search_controller.dart 355:26  SearchController._performSearch
  ===== asynchronous gap ===========================
  dart:async                                                                   new Future.microtask
  package:mube/src/features/search/presentation/search_controller.dart 145:12  SearchController.build
  package:riverpod/src/providers/notifier/orphan.dart 70:21                    Notifier.runBuild
  package:riverpod/src/core/provider/notifier_provider.dart 561:26             $ClassProviderElement.create
  package:riverpod/src/core/element.dart 665:28                                ProviderElement.buildState
  package:riverpod/src/core/element.dart 517:7                                 ProviderElement.mount
  package:riverpod/src/core/element.dart 620:7                                 ProviderElement.flush
  package:riverpod/src/core/provider/provider.dart 117:24                      $ProviderBaseImpl._addListener
  package:riverpod/src/core/proxy_provider_listenable.dart 106:31              ProviderElementProxy._addListener
  package:riverpod/src/core/provider_container.dart 954:26                     ProviderContainer.listen
  package:riverpod/src/core/provider_container.dart 911:17                     ProviderContainer.read
  test\unit\features\search\presentation\search_controller_test.dart 177:36    main.<fn>.<fn>
  
00:08 +289 -11: C:/Users/Victor/Desktop/AppMube/test/unit/features/feed/presentation/feed_controller_test.dart: FeedController loadAllData fetches sections and main feed
00:08 +289 -11: C:/Users/Victor/Desktop/AppMube/test/unit/features/search/presentation/search_controller_test.dart: SearchController - Filtros Complexos setInstruments should update instruments filter [E]
  Cannot use the Ref of NotifierProvider<SearchController, SearchPaginationState>#f69ca after it has been disposed. This typically happens if:
  - A provider rebuilt, but the previous "build" was still pending and is still performing operations.
    You should therefore either use `ref.onDispose` to cancel pending work, or
    check `ref.mounted` after async gaps or anything that could invalidate the provider.
  - You tried to use Ref inside `onDispose` or other life-cycles.
    This is not supported, as the provider is already being disposed.
  
  package:riverpod/src/core/ref.dart 220:7                                     Ref._throwIfInvalidUsage
  package:riverpod/src/core/provider/notifier_provider.dart 82:9               AnyNotifier.state
  package:mube/src/features/search/presentation/search_controller.dart 358:57  SearchController._performSearch
  ===== asynchronous gap ===========================
  dart:async                                                                   _CustomZone.registerUnaryCallback
  package:mube/src/features/search/presentation/search_controller.dart 355:26  SearchController._performSearch
  package:mube/src/features/search/presentation/search_controller.dart 195:5   SearchController.setInstruments
  test\unit\features\search\presentation\search_controller_test.dart 196:18    main.<fn>.<fn>
  
  Cannot use the Ref of NotifierProvider<SearchController, SearchPaginationState>#f69ca after it has been disposed. This typically happens if:
  - A provider rebuilt, but the previous "build" was still pending and is still performing operations.
    You should therefore either use `ref.onDispose` to cancel pending work, or
    check `ref.mounted` after async gaps or anything that could invalidate the provider.
  - You tried to use Ref inside `onDispose` or other life-cycles.
    This is not supported, as the provider is already being disposed.
  
  package:riverpod/src/core/ref.dart 220:7                                     Ref._throwIfInvalidUsage
  package:riverpod/src/core/provider/notifier_provider.dart 82:9               AnyNotifier.state
  package:mube/src/features/search/presentation/search_controller.dart 358:57  SearchController._performSearch
  ===== asynchronous gap ===========================
  dart:async                                                                   _CustomZone.registerUnaryCallback
  package:mube/src/features/search/presentation/search_controller.dart 355:26  SearchController._performSearch
  ===== asynchronous gap ===========================
  dart:async                                                                   new Future.microtask
  package:mube/src/features/search/presentation/search_controller.dart 145:12  SearchController.build
  package:riverpod/src/providers/notifier/orphan.dart 70:21                    Notifier.runBuild
  package:riverpod/src/core/provider/notifier_provider.dart 561:26             $ClassProviderElement.create
  package:riverpod/src/core/element.dart 665:28                                ProviderElement.buildState
  package:riverpod/src/core/element.dart 517:7                                 ProviderElement.mount
  package:riverpod/src/core/element.dart 620:7                                 ProviderElement.flush
  package:riverpod/src/core/provider/provider.dart 117:24                      $ProviderBaseImpl._addListener
  package:riverpod/src/core/proxy_provider_listenable.dart 106:31              ProviderElementProxy._addListener
  package:riverpod/src/core/provider_container.dart 954:26                     ProviderContainer.listen
  package:riverpod/src/core/provider_container.dart 911:17                     ProviderContainer.read
  test\unit\features\search\presentation\search_controller_test.dart 192:36    main.<fn>.<fn>
  
00:08 +289 -12: C:/Users/Victor/Desktop/AppMube/test/unit/features/feed/presentation/feed_controller_test.dart: FeedController loadAllData fetches sections and main feed
00:08 +289 -12: C:/Users/Victor/Desktop/AppMube/test/unit/features/search/presentation/search_controller_test.dart: SearchController - Filtros Complexos setRoles should update crew roles filter [E]
  Cannot use the Ref of NotifierProvider<SearchController, SearchPaginationState>#f69ca after it has been disposed. This typically happens if:
  - A provider rebuilt, but the previous "build" was still pending and is still performing operations.
    You should therefore either use `ref.onDispose` to cancel pending work, or
    check `ref.mounted` after async gaps or anything that could invalidate the provider.
  - You tried to use Ref inside `onDispose` or other life-cycles.
    This is not supported, as the provider is already being disposed.
  
  package:riverpod/src/core/ref.dart 220:7                                     Ref._throwIfInvalidUsage
  package:riverpod/src/core/provider/notifier_provider.dart 82:9               AnyNotifier.state
  package:mube/src/features/search/presentation/search_controller.dart 358:57  SearchController._performSearch
  ===== asynchronous gap ===========================
  dart:async                                                                   _CustomZone.registerUnaryCallback
  package:mube/src/features/search/presentation/search_controller.dart 355:26  SearchController._performSearch
  package:mube/src/features/search/presentation/search_controller.dart 202:5   SearchController.setRoles
  test\unit\features\search\presentation\search_controller_test.dart 210:18    main.<fn>.<fn>
  
  Cannot use the Ref of NotifierProvider<SearchController, SearchPaginationState>#f69ca after it has been disposed. This typically happens if:
  - A provider rebuilt, but the previous "build" was still pending and is still performing operations.
    You should therefore either use `ref.onDispose` to cancel pending work, or
    check `ref.mounted` after async gaps or anything that could invalidate the provider.
  - You tried to use Ref inside `onDispose` or other life-cycles.
    This is not supported, as the provider is already being disposed.
  
  package:riverpod/src/core/ref.dart 220:7                                     Ref._throwIfInvalidUsage
  package:riverpod/src/core/provider/notifier_provider.dart 82:9               AnyNotifier.state
  package:mube/src/features/search/presentation/search_controller.dart 358:57  SearchController._performSearch
  ===== asynchronous gap ===========================
  dart:async                                                                   _CustomZone.registerUnaryCallback
  package:mube/src/features/search/presentation/search_controller.dart 355:26  SearchController._performSearch
  ===== asynchronous gap ===========================
  dart:async                                                                   new Future.microtask
  package:mube/src/features/search/presentation/search_controller.dart 145:12  SearchController.build
  package:riverpod/src/providers/notifier/orphan.dart 70:21                    Notifier.runBuild
  package:riverpod/src/core/provider/notifier_provider.dart 561:26             $ClassProviderElement.create
  package:riverpod/src/core/element.dart 665:28                                ProviderElement.buildState
  package:riverpod/src/core/element.dart 517:7                                 ProviderElement.mount
  package:riverpod/src/core/element.dart 620:7                                 ProviderElement.flush
  package:riverpod/src/core/provider/provider.dart 117:24                      $ProviderBaseImpl._addListener
  package:riverpod/src/core/proxy_provider_listenable.dart 106:31              ProviderElementProxy._addListener
  package:riverpod/src/core/provider_container.dart 954:26                     ProviderContainer.listen
  package:riverpod/src/core/provider_container.dart 911:17                     ProviderContainer.read
  test\unit\features\search\presentation\search_controller_test.dart 206:36    main.<fn>.<fn>
  
00:08 +289 -13: C:/Users/Victor/Desktop/AppMube/test/unit/features/feed/presentation/feed_controller_test.dart: FeedController loadAllData fetches sections and main feed
00:08 +289 -13: C:/Users/Victor/Desktop/AppMube/test/unit/features/search/presentation/search_controller_test.dart: SearchController - Filtros Complexos setServices should update studio services filter [E]
  Cannot use the Ref of NotifierProvider<SearchController, SearchPaginationState>#f69ca after it has been disposed. This typically happens if:
  - A provider rebuilt, but the previous "build" was still pending and is still performing operations.
    You should therefore either use `ref.onDispose` to cancel pending work, or
    check `ref.mounted` after async gaps or anything that could invalidate the provider.
  - You tried to use Ref inside `onDispose` or other life-cycles.
    This is not supported, as the provider is already being disposed.
  
  package:riverpod/src/core/ref.dart 220:7                                     Ref._throwIfInvalidUsage
  package:riverpod/src/core/provider/notifier_provider.dart 82:9               AnyNotifier.state
  package:mube/src/features/search/presentation/search_controller.dart 358:57  SearchController._performSearch
  ===== asynchronous gap ===========================
  dart:async                                                                   _CustomZone.registerUnaryCallback
  package:mube/src/features/search/presentation/search_controller.dart 355:26  SearchController._performSearch
  package:mube/src/features/search/presentation/search_controller.dart 209:5   SearchController.setServices
  test\unit\features\search\presentation\search_controller_test.dart 224:18    main.<fn>.<fn>
  
  Cannot use the Ref of NotifierProvider<SearchController, SearchPaginationState>#f69ca after it has been disposed. This typically happens if:
  - A provider rebuilt, but the previous "build" was still pending and is still performing operations.
    You should therefore either use `ref.onDispose` to cancel pending work, or
    check `ref.mounted` after async gaps or anything that could invalidate the provider.
  - You tried to use Ref inside `onDispose` or other life-cycles.
    This is not supported, as the provider is already being disposed.
  
  package:riverpod/src/core/ref.dart 220:7                                     Ref._throwIfInvalidUsage
  package:riverpod/src/core/provider/notifier_provider.dart 82:9               AnyNotifier.state
  package:mube/src/features/search/presentation/search_controller.dart 358:57  SearchController._performSearch
  ===== asynchronous gap ===========================
  dart:async                                                                   _CustomZone.registerUnaryCallback
  package:mube/src/features/search/presentation/search_controller.dart 355:26  SearchController._performSearch
  ===== asynchronous gap ===========================
  dart:async                                                                   new Future.microtask
  package:mube/src/features/search/presentation/search_controller.dart 145:12  SearchController.build
  package:riverpod/src/providers/notifier/orphan.dart 70:21                    Notifier.runBuild
  package:riverpod/src/core/provider/notifier_provider.dart 561:26             $ClassProviderElement.create
  package:riverpod/src/core/element.dart 665:28                                ProviderElement.buildState
  package:riverpod/src/core/element.dart 517:7                                 ProviderElement.mount
  package:riverpod/src/core/element.dart 620:7                                 ProviderElement.flush
  package:riverpod/src/core/provider/provider.dart 117:24                      $ProviderBaseImpl._addListener
  package:riverpod/src/core/proxy_provider_listenable.dart 106:31              ProviderElementProxy._addListener
  package:riverpod/src/core/provider_container.dart 954:26                     ProviderContainer.listen
  package:riverpod/src/core/provider_container.dart 911:17                     ProviderContainer.read
  test\unit\features\search\presentation\search_controller_test.dart 220:36    main.<fn>.<fn>
  
00:08 +289 -14: C:/Users/Victor/Desktop/AppMube/test/unit/features/feed/presentation/feed_controller_test.dart: FeedController loadAllData fetches sections and main feed
00:08 +289 -14: C:/Users/Victor/Desktop/AppMube/test/unit/features/search/presentation/search_controller_test.dart: SearchController - Filtros Complexos setStudioType should update studio type filter [E]
  Cannot use the Ref of NotifierProvider<SearchController, SearchPaginationState>#f69ca after it has been disposed. This typically happens if:
  - A provider rebuilt, but the previous "build" was still pending and is still performing operations.
    You should therefore either use `ref.onDispose` to cancel pending work, or
    check `ref.mounted` after async gaps or anything that could invalidate the provider.
  - You tried to use Ref inside `onDispose` or other life-cycles.
    This is not supported, as the provider is already being disposed.
  
  package:riverpod/src/core/ref.dart 220:7                                     Ref._throwIfInvalidUsage
  package:riverpod/src/core/provider/notifier_provider.dart 82:9               AnyNotifier.state
  package:mube/src/features/search/presentation/search_controller.dart 358:57  SearchController._performSearch
  ===== asynchronous gap ===========================
  dart:async                                                                   _CustomZone.registerUnaryCallback
  package:mube/src/features/search/presentation/search_controller.dart 355:26  SearchController._performSearch
  package:mube/src/features/search/presentation/search_controller.dart 216:5   SearchController.setStudioType
  test\unit\features\search\presentation\search_controller_test.dart 237:18    main.<fn>.<fn>
  
  Cannot use the Ref of NotifierProvider<SearchController, SearchPaginationState>#f69ca after it has been disposed. This typically happens if:
  - A provider rebuilt, but the previous "build" was still pending and is still performing operations.
    You should therefore either use `ref.onDispose` to cancel pending work, or
    check `ref.mounted` after async gaps or anything that could invalidate the provider.
  - You tried to use Ref inside `onDispose` or other life-cycles.
    This is not supported, as the provider is already being disposed.
  
  package:riverpod/src/core/ref.dart 220:7                                     Ref._throwIfInvalidUsage
  package:riverpod/src/core/provider/notifier_provider.dart 82:9               AnyNotifier.state
  package:mube/src/features/search/presentation/search_controller.dart 358:57  SearchController._performSearch
  ===== asynchronous gap ===========================
  dart:async                                                                   _CustomZone.registerUnaryCallback
  package:mube/src/features/search/presentation/search_controller.dart 355:26  SearchController._performSearch
  ===== asynchronous gap ===========================
  dart:async                                                                   new Future.microtask
  package:mube/src/features/search/presentation/search_controller.dart 145:12  SearchController.build
  package:riverpod/src/providers/notifier/orphan.dart 70:21                    Notifier.runBuild
  package:riverpod/src/core/provider/notifier_provider.dart 561:26             $ClassProviderElement.create
  package:riverpod/src/core/element.dart 665:28                                ProviderElement.buildState
  package:riverpod/src/core/element.dart 517:7                                 ProviderElement.mount
  package:riverpod/src/core/element.dart 620:7                                 ProviderElement.flush
  package:riverpod/src/core/provider/provider.dart 117:24                      $ProviderBaseImpl._addListener
  package:riverpod/src/core/proxy_provider_listenable.dart 106:31              ProviderElementProxy._addListener
  package:riverpod/src/core/provider_container.dart 954:26                     ProviderContainer.listen
  package:riverpod/src/core/provider_container.dart 911:17                     ProviderContainer.read
  test\unit\features\search\presentation\search_controller_test.dart 234:36    main.<fn>.<fn>
  
00:08 +290 -14: C:/Users/Victor/Desktop/AppMube/test/unit/features/feed/presentation/feed_controller_test.dart: FeedController loadAllData fetches sections and main feed
00:08 +291 -14: C:/Users/Victor/Desktop/AppMube/test/unit/features/feed/presentation/feed_controller_test.dart: FeedController loadAllData fetches sections and main feed
00:08 +292 -14: C:/Users/Victor/Desktop/AppMube/test/unit/features/feed/presentation/feed_controller_test.dart: FeedController loadAllData fetches sections and main feed
00:08 +292 -15: C:/Users/Victor/Desktop/AppMube/test/unit/features/feed/presentation/feed_controller_test.dart: FeedController loadAllData fetches sections and main feed
00:08 +292 -15: C:/Users/Victor/Desktop/AppMube/test/unit/features/search/presentation/search_controller_test.dart: SearchController - Filtros Complexos setBackingVocalFilter should update backing vocal capability filter [E]
  Cannot use the Ref of NotifierProvider<SearchController, SearchPaginationState>#f69ca after it has been disposed. This typically happens if:
  - A provider rebuilt, but the previous "build" was still pending and is still performing operations.
    You should therefore either use `ref.onDispose` to cancel pending work, or
    check `ref.mounted` after async gaps or anything that could invalidate the provider.
  - You tried to use Ref inside `onDispose` or other life-cycles.
    This is not supported, as the provider is already being disposed.
  
  package:riverpod/src/core/ref.dart 220:7                                     Ref._throwIfInvalidUsage
  package:riverpod/src/core/provider/notifier_provider.dart 82:9               AnyNotifier.state
  package:mube/src/features/search/presentation/search_controller.dart 358:57  SearchController._performSearch
  ===== asynchronous gap ===========================
  dart:async                                                                   _CustomZone.registerUnaryCallback
  package:mube/src/features/search/presentation/search_controller.dart 355:26  SearchController._performSearch
  package:mube/src/features/search/presentation/search_controller.dart 225:5   SearchController.setBackingVocalFilter
  test\unit\features\search\presentation\search_controller_test.dart 252:20    main.<fn>.<fn>
  
  Cannot use the Ref of NotifierProvider<SearchController, SearchPaginationState>#f69ca after it has been disposed. This typically happens if:
  - A provider rebuilt, but the previous "build" was still pending and is still performing operations.
    You should therefore either use `ref.onDispose` to cancel pending work, or
    check `ref.mounted` after async gaps or anything that could invalidate the provider.
  - You tried to use Ref inside `onDispose` or other life-cycles.
    This is not supported, as the provider is already being disposed.
  
  package:riverpod/src/core/ref.dart 220:7                                     Ref._throwIfInvalidUsage
  package:riverpod/src/core/provider/notifier_provider.dart 82:9               AnyNotifier.state
  package:mube/src/features/search/presentation/search_controller.dart 358:57  SearchController._performSearch
  ===== asynchronous gap ===========================
  dart:async                                                                   _CustomZone.registerUnaryCallback
  package:mube/src/features/search/presentation/search_controller.dart 355:26  SearchController._performSearch
  ===== asynchronous gap ===========================
  dart:async                                                                   new Future.microtask
  package:mube/src/features/search/presentation/search_controller.dart 145:12  SearchController.build
  package:riverpod/src/providers/notifier/orphan.dart 70:21                    Notifier.runBuild
  package:riverpod/src/core/provider/notifier_provider.dart 561:26             $ClassProviderElement.create
  package:riverpod/src/core/element.dart 665:28                                ProviderElement.buildState
  package:riverpod/src/core/element.dart 517:7                                 ProviderElement.mount
  package:riverpod/src/core/element.dart 620:7                                 ProviderElement.flush
  package:riverpod/src/core/provider/provider.dart 117:24                      $ProviderBaseImpl._addListener
  package:riverpod/src/core/proxy_provider_listenable.dart 106:31              ProviderElementProxy._addListener
  package:riverpod/src/core/provider_container.dart 954:26                     ProviderContainer.listen
  package:riverpod/src/core/provider_container.dart 911:17                     ProviderContainer.read
  test\unit\features\search\presentation\search_controller_test.dart 249:38    main.<fn>.<fn>
  
00:08 +293 -15: C:/Users/Victor/Desktop/AppMube/test/unit/features/feed/presentation/feed_controller_test.dart: FeedController loadAllData fetches sections and main feed
00:08 +294 -15: C:/Users/Victor/Desktop/AppMube/test/unit/features/feed/presentation/feed_controller_test.dart: FeedController loadAllData fetches sections and main feed
00:08 +295 -15: C:/Users/Victor/Desktop/AppMube/test/unit/features/feed/presentation/feed_controller_test.dart: FeedController loadAllData fetches sections and main feed
00:08 +296 -15: C:/Users/Victor/Desktop/AppMube/test/unit/features/feed/presentation/feed_controller_test.dart: FeedController loadAllData fetches sections and main feed
00:08 +297 -15: C:/Users/Victor/Desktop/AppMube/test/unit/features/feed/presentation/feed_controller_test.dart: FeedController loadAllData fetches sections and main feed
00:08 +297 -16: C:/Users/Victor/Desktop/AppMube/test/unit/features/feed/presentation/feed_controller_test.dart: FeedController loadAllData fetches sections and main feed
00:08 +297 -16: C:/Users/Victor/Desktop/AppMube/test/unit/features/search/presentation/search_controller_test.dart: SearchController - Filtros Complexos clearFilters should reset all filters except category [E]
  Cannot use the Ref of NotifierProvider<SearchController, SearchPaginationState>#f69ca after it has been disposed. This typically happens if:
  - A provider rebuilt, but the previous "build" was still pending and is still performing operations.
    You should therefore either use `ref.onDispose` to cancel pending work, or
    check `ref.mounted` after async gaps or anything that could invalidate the provider.
  - You tried to use Ref inside `onDispose` or other life-cycles.
    This is not supported, as the provider is already being disposed.
  
  package:riverpod/src/core/ref.dart 220:7                                     Ref._throwIfInvalidUsage
  package:riverpod/src/core/provider/notifier_provider.dart 82:9               AnyNotifier.state
  package:mube/src/features/search/presentation/search_controller.dart 358:57  SearchController._performSearch
  ===== asynchronous gap ===========================
  dart:async                                                                   _CustomZone.registerUnaryCallback
  package:mube/src/features/search/presentation/search_controller.dart 355:26  SearchController._performSearch
  package:mube/src/features/search/presentation/search_controller.dart 186:5   SearchController.setGenres
  test\unit\features\search\presentation\search_controller_test.dart 265:18    main.<fn>.<fn>
  
  Cannot use the Ref of NotifierProvider<SearchController, SearchPaginationState>#f69ca after it has been disposed. This typically happens if:
  - A provider rebuilt, but the previous "build" was still pending and is still performing operations.
    You should therefore either use `ref.onDispose` to cancel pending work, or
    check `ref.mounted` after async gaps or anything that could invalidate the provider.
  - You tried to use Ref inside `onDispose` or other life-cycles.
    This is not supported, as the provider is already being disposed.
  
  package:riverpod/src/core/ref.dart 220:7                                     Ref._throwIfInvalidUsage
  package:riverpod/src/core/provider/notifier_provider.dart 82:9               AnyNotifier.state
  package:mube/src/features/search/presentation/search_controller.dart 358:57  SearchController._performSearch
  ===== asynchronous gap ===========================
  dart:async                                                                   _CustomZone.registerUnaryCallback
  package:mube/src/features/search/presentation/search_controller.dart 355:26  SearchController._performSearch
  package:mube/src/features/search/presentation/search_controller.dart 195:5   SearchController.setInstruments
  test\unit\features\search\presentation\search_controller_test.dart 266:18    main.<fn>.<fn>
  
  Cannot use the Ref of NotifierProvider<SearchController, SearchPaginationState>#f69ca after it has been disposed. This typically happens if:
  - A provider rebuilt, but the previous "build" was still pending and is still performing operations.
    You should therefore either use `ref.onDispose` to cancel pending work, or
    check `ref.mounted` after async gaps or anything that could invalidate the provider.
  - You tried to use Ref inside `onDispose` or other life-cycles.
    This is not supported, as the provider is already being disposed.
  
  package:riverpod/src/core/ref.dart 220:7                                     Ref._throwIfInvalidUsage
  package:riverpod/src/core/provider/notifier_provider.dart 82:9               AnyNotifier.state
  package:mube/src/features/search/presentation/search_controller.dart 358:57  SearchController._performSearch
  ===== asynchronous gap ===========================
  dart:async                                                                   _CustomZone.registerUnaryCallback
  package:mube/src/features/search/presentation/search_controller.dart 355:26  SearchController._performSearch
  package:mube/src/features/search/presentation/search_controller.dart 179:5   SearchController.setProfessionalSubcategory
  test\unit\features\search\presentation\search_controller_test.dart 267:18    main.<fn>.<fn>
  
  Cannot use the Ref of NotifierProvider<SearchController, SearchPaginationState>#f69ca after it has been disposed. This typically happens if:
  - A provider rebuilt, but the previous "build" was still pending and is still performing operations.
    You should therefore either use `ref.onDispose` to cancel pending work, or
    check `ref.mounted` after async gaps or anything that could invalidate the provider.
  - You tried to use Ref inside `onDispose` or other life-cycles.
    This is not supported, as the provider is already being disposed.
  
  package:riverpod/src/core/ref.dart 220:7                                     Ref._throwIfInvalidUsage
  package:riverpod/src/core/provider/notifier_provider.dart 82:9               AnyNotifier.state
  package:mube/src/features/search/presentation/search_controller.dart 358:57  SearchController._performSearch
  ===== asynchronous gap ===========================
  dart:async                                                                   _CustomZone.registerUnaryCallback
  package:mube/src/features/search/presentation/search_controller.dart 355:26  SearchController._performSearch
  ===== asynchronous gap ===========================
  dart:async                                                                   new Future.microtask
  package:mube/src/features/search/presentation/search_controller.dart 145:12  SearchController.build
  package:riverpod/src/providers/notifier/orphan.dart 70:21                    Notifier.runBuild
  package:riverpod/src/core/provider/notifier_provider.dart 561:26             $ClassProviderElement.create
  package:riverpod/src/core/element.dart 665:28                                ProviderElement.buildState
  package:riverpod/src/core/element.dart 517:7                                 ProviderElement.mount
  package:riverpod/src/core/element.dart 620:7                                 ProviderElement.flush
  package:riverpod/src/core/provider/provider.dart 117:24                      $ProviderBaseImpl._addListener
  package:riverpod/src/core/proxy_provider_listenable.dart 106:31              ProviderElementProxy._addListener
  package:riverpod/src/core/provider_container.dart 954:26                     ProviderContainer.listen
  package:riverpod/src/core/provider_container.dart 911:17                     ProviderContainer.read
  test\unit\features\search\presentation\search_controller_test.dart 263:36    main.<fn>.<fn>
  
  Cannot use the Ref of NotifierProvider<SearchController, SearchPaginationState>#f69ca after it has been disposed. This typically happens if:
  - A provider rebuilt, but the previous "build" was still pending and is still performing operations.
    You should therefore either use `ref.onDispose` to cancel pending work, or
    check `ref.mounted` after async gaps or anything that could invalidate the provider.
  - You tried to use Ref inside `onDispose` or other life-cycles.
    This is not supported, as the provider is already being disposed.
  
  package:riverpod/src/core/ref.dart 220:7                                     Ref._throwIfInvalidUsage
  package:riverpod/src/core/provider/notifier_provider.dart 82:9               AnyNotifier.state
  package:mube/src/features/search/presentation/search_controller.dart 358:57  SearchController._performSearch
  ===== asynchronous gap ===========================
  dart:async                                                                   _CustomZone.registerUnaryCallback
  package:mube/src/features/search/presentation/search_controller.dart 355:26  SearchController._performSearch
  package:mube/src/features/search/presentation/search_controller.dart 230:5   SearchController.clearFilters
  test\unit\features\search\presentation\search_controller_test.dart 271:18    main.<fn>.<fn>
  ===== asynchronous gap ===========================
  dart:async                                                                   _CustomZone.registerUnaryCallback
  test\unit\features\search\presentation\search_controller_test.dart 268:7     main.<fn>.<fn>
  
00:08 +298 -16: C:/Users/Victor/Desktop/AppMube/test/unit/features/feed/presentation/feed_controller_test.dart: FeedController loadAllData fetches sections and main feed
00:08 +299 -16: C:/Users/Victor/Desktop/AppMube/test/unit/features/feed/presentation/feed_controller_test.dart: FeedController loadAllData fetches sections and main feed
00:08 +300 -16: C:/Users/Victor/Desktop/AppMube/test/unit/features/feed/presentation/feed_controller_test.dart: FeedController loadAllData fetches sections and main feed
00:08 +301 -16: C:/Users/Victor/Desktop/AppMube/test/unit/features/feed/presentation/feed_controller_test.dart: FeedController loadAllData fetches sections and main feed
00:08 +302 -16: C:/Users/Victor/Desktop/AppMube/test/unit/features/feed/presentation/feed_controller_test.dart: FeedController loadAllData fetches sections and main feed
00:08 +302 -17: C:/Users/Victor/Desktop/AppMube/test/unit/features/feed/presentation/feed_controller_test.dart: FeedController loadAllData fetches sections and main feed
00:08 +302 -17: C:/Users/Victor/Desktop/AppMube/test/unit/features/search/presentation/search_controller_test.dart: SearchController - Filtros Complexos reset should reset all filters to default [E]
  Cannot use the Ref of NotifierProvider<SearchController, SearchPaginationState>#f69ca after it has been disposed. This typically happens if:
  - A provider rebuilt, but the previous "build" was still pending and is still performing operations.
    You should therefore either use `ref.onDispose` to cancel pending work, or
    check `ref.mounted` after async gaps or anything that could invalidate the provider.
  - You tried to use Ref inside `onDispose` or other life-cycles.
    This is not supported, as the provider is already being disposed.
  
  package:riverpod/src/core/ref.dart 220:7                                     Ref._throwIfInvalidUsage
  package:riverpod/src/core/provider/notifier_provider.dart 82:9               AnyNotifier.state
  package:mube/src/features/search/presentation/search_controller.dart 358:57  SearchController._performSearch
  ===== asynchronous gap ===========================
  dart:async                                                                   _CustomZone.registerUnaryCallback
  package:mube/src/features/search/presentation/search_controller.dart 355:26  SearchController._performSearch
  package:mube/src/features/search/presentation/search_controller.dart 170:5   SearchController.setCategory
  test\unit\features\search\presentation\search_controller_test.dart 288:18    main.<fn>.<fn>
  
  Cannot use the Ref of NotifierProvider<SearchController, SearchPaginationState>#f69ca after it has been disposed. This typically happens if:
  - A provider rebuilt, but the previous "build" was still pending and is still performing operations.
    You should therefore either use `ref.onDispose` to cancel pending work, or
    check `ref.mounted` after async gaps or anything that could invalidate the provider.
  - You tried to use Ref inside `onDispose` or other life-cycles.
    This is not supported, as the provider is already being disposed.
  
  package:riverpod/src/core/ref.dart 220:7                                     Ref._throwIfInvalidUsage
  package:riverpod/src/core/provider/notifier_provider.dart 82:9               AnyNotifier.state
  package:mube/src/features/search/presentation/search_controller.dart 358:57  SearchController._performSearch
  ===== asynchronous gap ===========================
  dart:async                                                                   _CustomZone.registerUnaryCallback
  package:mube/src/features/search/presentation/search_controller.dart 355:26  SearchController._performSearch
  package:mube/src/features/search/presentation/search_controller.dart 186:5   SearchController.setGenres
  test\unit\features\search\presentation\search_controller_test.dart 289:18    main.<fn>.<fn>
  
  Cannot use the Ref of NotifierProvider<SearchController, SearchPaginationState>#f69ca after it has been disposed. This typically happens if:
  - A provider rebuilt, but the previous "build" was still pending and is still performing operations.
    You should therefore either use `ref.onDispose` to cancel pending work, or
    check `ref.mounted` after async gaps or anything that could invalidate the provider.
  - You tried to use Ref inside `onDispose` or other life-cycles.
    This is not supported, as the provider is already being disposed.
  
  package:riverpod/src/core/ref.dart 220:7                                     Ref._throwIfInvalidUsage
  package:riverpod/src/core/provider/notifier_provider.dart 82:9               AnyNotifier.state
  package:mube/src/features/search/presentation/search_controller.dart 358:57  SearchController._performSearch
  ===== asynchronous gap ===========================
  dart:async                                                                   _CustomZone.registerUnaryCallback
  package:mube/src/features/search/presentation/search_controller.dart 355:26  SearchController._performSearch
  ===== asynchronous gap ===========================
  dart:async                                                                   new Future.microtask
  package:mube/src/features/search/presentation/search_controller.dart 145:12  SearchController.build
  package:riverpod/src/providers/notifier/orphan.dart 70:21                    Notifier.runBuild
  package:riverpod/src/core/provider/notifier_provider.dart 561:26             $ClassProviderElement.create
  package:riverpod/src/core/element.dart 665:28                                ProviderElement.buildState
  package:riverpod/src/core/element.dart 517:7                                 ProviderElement.mount
  package:riverpod/src/core/element.dart 620:7                                 ProviderElement.flush
  package:riverpod/src/core/provider/provider.dart 117:24                      $ProviderBaseImpl._addListener
  package:riverpod/src/core/proxy_provider_listenable.dart 106:31              ProviderElementProxy._addListener
  package:riverpod/src/core/provider_container.dart 954:26                     ProviderContainer.listen
  package:riverpod/src/core/provider_container.dart 911:17                     ProviderContainer.read
  test\unit\features\search\presentation\search_controller_test.dart 286:36    main.<fn>.<fn>
  
  Cannot use the Ref of NotifierProvider<SearchController, SearchPaginationState>#f69ca after it has been disposed. This typically happens if:
  - A provider rebuilt, but the previous "build" was still pending and is still performing operations.
    You should therefore either use `ref.onDispose` to cancel pending work, or
    check `ref.mounted` after async gaps or anything that could invalidate the provider.
  - You tried to use Ref inside `onDispose` or other life-cycles.
    This is not supported, as the provider is already being disposed.
  
  package:riverpod/src/core/ref.dart 220:7                                     Ref._throwIfInvalidUsage
  package:riverpod/src/core/provider/notifier_provider.dart 82:9               AnyNotifier.state
  package:mube/src/features/search/presentation/search_controller.dart 358:57  SearchController._performSearch
  ===== asynchronous gap ===========================
  dart:async                                                                   _CustomZone.registerUnaryCallback
  package:mube/src/features/search/presentation/search_controller.dart 355:26  SearchController._performSearch
  package:mube/src/features/search/presentation/search_controller.dart 241:5   SearchController.reset
  test\unit\features\search\presentation\search_controller_test.dart 293:18    main.<fn>.<fn>
  ===== asynchronous gap ===========================
  dart:async                                                                   _CustomZone.registerUnaryCallback
  test\unit\features\search\presentation\search_controller_test.dart 290:7     main.<fn>.<fn>
  
00:08 +303 -17: C:/Users/Victor/Desktop/AppMube/test/unit/features/feed/presentation/feed_controller_test.dart: FeedController loadAllData fetches sections and main feed
00:08 +304 -17: C:/Users/Victor/Desktop/AppMube/test/unit/features/feed/presentation/feed_controller_test.dart: FeedController loadAllData fetches sections and main feed
00:08 +304 -18: C:/Users/Victor/Desktop/AppMube/test/unit/features/feed/presentation/feed_controller_test.dart: FeedController loadAllData fetches sections and main feed
00:08 +304 -18: C:/Users/Victor/Desktop/AppMube/test/unit/features/search/presentation/search_controller_test.dart: SearchController - Filtros Complexos hasActiveFilters should be true when filters are applied [E]
  Cannot use the Ref of NotifierProvider<SearchController, SearchPaginationState>#f69ca after it has been disposed. This typically happens if:
  - A provider rebuilt, but the previous "build" was still pending and is still performing operations.
    You should therefore either use `ref.onDispose` to cancel pending work, or
    check `ref.mounted` after async gaps or anything that could invalidate the provider.
  - You tried to use Ref inside `onDispose` or other life-cycles.
    This is not supported, as the provider is already being disposed.
  
  package:riverpod/src/core/ref.dart 220:7                                     Ref._throwIfInvalidUsage
  package:riverpod/src/core/provider/notifier_provider.dart 82:9               AnyNotifier.state
  package:mube/src/features/search/presentation/search_controller.dart 358:57  SearchController._performSearch
  ===== asynchronous gap ===========================
  dart:async                                                                   _CustomZone.registerUnaryCallback
  package:mube/src/features/search/presentation/search_controller.dart 355:26  SearchController._performSearch
  ===== asynchronous gap ===========================
  dart:async                                                                   new Future.microtask
  package:mube/src/features/search/presentation/search_controller.dart 145:12  SearchController.build
  package:riverpod/src/providers/notifier/orphan.dart 70:21                    Notifier.runBuild
  package:riverpod/src/core/provider/notifier_provider.dart 561:26             $ClassProviderElement.create
  package:riverpod/src/core/element.dart 665:28                                ProviderElement.buildState
  package:riverpod/src/core/element.dart 517:7                                 ProviderElement.mount
  package:riverpod/src/core/element.dart 620:7                                 ProviderElement.flush
  package:riverpod/src/core/provider/provider.dart 117:24                      $ProviderBaseImpl._addListener
  package:riverpod/src/core/proxy_provider_listenable.dart 106:31              ProviderElementProxy._addListener
  package:riverpod/src/core/provider_container.dart 954:26                     ProviderContainer.listen
  package:riverpod/src/core/provider_container.dart 911:17                     ProviderContainer.read
  test\unit\features\search\presentation\search_controller_test.dart 305:36    main.<fn>.<fn>
  
00:08 +304 -19: C:/Users/Victor/Desktop/AppMube/test/unit/features/feed/presentation/feed_controller_test.dart: FeedController loadAllData fetches sections and main feed
00:08 +304 -19: C:/Users/Victor/Desktop/AppMube/test/unit/features/search/presentation/search_controller_test.dart: SearchController - Filtros Complexos multiple filters should work together [E]
  Cannot use the Ref of NotifierProvider<SearchController, SearchPaginationState>#f69ca after it has been disposed. This typically happens if:
  - A provider rebuilt, but the previous "build" was still pending and is still performing operations.
    You should therefore either use `ref.onDispose` to cancel pending work, or
    check `ref.mounted` after async gaps or anything that could invalidate the provider.
  - You tried to use Ref inside `onDispose` or other life-cycles.
    This is not supported, as the provider is already being disposed.
  
  package:riverpod/src/core/ref.dart 220:7                                     Ref._throwIfInvalidUsage
  package:riverpod/src/core/provider/notifier_provider.dart 82:9               AnyNotifier.state
  package:mube/src/features/search/presentation/search_controller.dart 358:57  SearchController._performSearch
  ===== asynchronous gap ===========================
  dart:async                                                                   _CustomZone.registerUnaryCallback
  package:mube/src/features/search/presentation/search_controller.dart 355:26  SearchController._performSearch
  package:mube/src/features/search/presentation/search_controller.dart 170:5   SearchController.setCategory
  test\unit\features\search\presentation\search_controller_test.dart 329:18    main.<fn>.<fn>
  
  Cannot use the Ref of NotifierProvider<SearchController, SearchPaginationState>#f69ca after it has been disposed. This typically happens if:
  - A provider rebuilt, but the previous "build" was still pending and is still performing operations.
    You should therefore either use `ref.onDispose` to cancel pending work, or
    check `ref.mounted` after async gaps or anything that could invalidate the provider.
  - You tried to use Ref inside `onDispose` or other life-cycles.
    This is not supported, as the provider is already being disposed.
  
  package:riverpod/src/core/ref.dart 220:7                                     Ref._throwIfInvalidUsage
  package:riverpod/src/core/provider/notifier_provider.dart 82:9               AnyNotifier.state
  package:mube/src/features/search/presentation/search_controller.dart 358:57  SearchController._performSearch
  ===== asynchronous gap ===========================
  dart:async                                                                   _CustomZone.registerUnaryCallback
  package:mube/src/features/search/presentation/search_controller.dart 355:26  SearchController._performSearch
  package:mube/src/features/search/presentation/search_controller.dart 179:5   SearchController.setProfessionalSubcategory
  test\unit\features\search\presentation\search_controller_test.dart 330:18    main.<fn>.<fn>
  
  Cannot use the Ref of NotifierProvider<SearchController, SearchPaginationState>#f69ca after it has been disposed. This typically happens if:
  - A provider rebuilt, but the previous "build" was still pending and is still performing operations.
    You should therefore either use `ref.onDispose` to cancel pending work, or
    check `ref.mounted` after async gaps or anything that could invalidate the provider.
  - You tried to use Ref inside `onDispose` or other life-cycles.
    This is not supported, as the provider is already being disposed.
  
  package:riverpod/src/core/ref.dart 220:7                                     Ref._throwIfInvalidUsage
  package:riverpod/src/core/provider/notifier_provider.dart 82:9               AnyNotifier.state
  package:mube/src/features/search/presentation/search_controller.dart 358:57  SearchController._performSearch
  ===== asynchronous gap ===========================
  dart:async                                                                   _CustomZone.registerUnaryCallback
  package:mube/src/features/search/presentation/search_controller.dart 355:26  SearchController._performSearch
  package:mube/src/features/search/presentation/search_controller.dart 186:5   SearchController.setGenres
  test\unit\features\search\presentation\search_controller_test.dart 333:18    main.<fn>.<fn>
  
  Cannot use the Ref of NotifierProvider<SearchController, SearchPaginationState>#f69ca after it has been disposed. This typically happens if:
  - A provider rebuilt, but the previous "build" was still pending and is still performing operations.
    You should therefore either use `ref.onDispose` to cancel pending work, or
    check `ref.mounted` after async gaps or anything that could invalidate the provider.
  - You tried to use Ref inside `onDispose` or other life-cycles.
    This is not supported, as the provider is already being disposed.
  
  package:riverpod/src/core/ref.dart 220:7                                     Ref._throwIfInvalidUsage
  package:riverpod/src/core/provider/notifier_provider.dart 82:9               AnyNotifier.state
  package:mube/src/features/search/presentation/search_controller.dart 358:57  SearchController._performSearch
  ===== asynchronous gap ===========================
  dart:async                                                                   _CustomZone.registerUnaryCallback
  package:mube/src/features/search/presentation/search_controller.dart 355:26  SearchController._performSearch
  package:mube/src/features/search/presentation/search_controller.dart 195:5   SearchController.setInstruments
  test\unit\features\search\presentation\search_controller_test.dart 334:18    main.<fn>.<fn>
  
  Cannot use the Ref of NotifierProvider<SearchController, SearchPaginationState>#f69ca after it has been disposed. This typically happens if:
  - A provider rebuilt, but the previous "build" was still pending and is still performing operations.
    You should therefore either use `ref.onDispose` to cancel pending work, or
    check `ref.mounted` after async gaps or anything that could invalidate the provider.
  - You tried to use Ref inside `onDispose` or other life-cycles.
    This is not supported, as the provider is already being disposed.
  
  package:riverpod/src/core/ref.dart 220:7                                     Ref._throwIfInvalidUsage
  package:riverpod/src/core/provider/notifier_provider.dart 82:9               AnyNotifier.state
  package:mube/src/features/search/presentation/search_controller.dart 358:57  SearchController._performSearch
  ===== asynchronous gap ===========================
  dart:async                                                                   _CustomZone.registerUnaryCallback
  package:mube/src/features/search/presentation/search_controller.dart 355:26  SearchController._performSearch
  ===== asynchronous gap ===========================
  dart:async                                                                   new Future.microtask
  package:mube/src/features/search/presentation/search_controller.dart 145:12  SearchController.build
  package:riverpod/src/providers/notifier/orphan.dart 70:21                    Notifier.runBuild
  package:riverpod/src/core/provider/notifier_provider.dart 561:26             $ClassProviderElement.create
  package:riverpod/src/core/element.dart 665:28                                ProviderElement.buildState
  package:riverpod/src/core/element.dart 517:7                                 ProviderElement.mount
  package:riverpod/src/core/element.dart 620:7                                 ProviderElement.flush
  package:riverpod/src/core/provider/provider.dart 117:24                      $ProviderBaseImpl._addListener
  package:riverpod/src/core/proxy_provider_listenable.dart 106:31              ProviderElementProxy._addListener
  package:riverpod/src/core/provider_container.dart 954:26                     ProviderContainer.listen
  package:riverpod/src/core/provider_container.dart 911:17                     ProviderContainer.read
  test\unit\features\search\presentation\search_controller_test.dart 326:36    main.<fn>.<fn>
  
00:08 +305 -19: C:/Users/Victor/Desktop/AppMube/test/unit/features/feed/presentation/feed_controller_test.dart: FeedController loadAllData fetches sections and main feed
00:08 +306 -19: C:/Users/Victor/Desktop/AppMube/test/unit/features/feed/presentation/feed_controller_test.dart: FeedController loadAllData fetches sections and main feed
00:08 +307 -19: C:/Users/Victor/Desktop/AppMube/test/unit/features/feed/presentation/feed_controller_test.dart: FeedController loadAllData fetches sections and main feed
00:08 +308 -19: C:/Users/Victor/Desktop/AppMube/test/unit/features/feed/presentation/feed_controller_test.dart: FeedController loadAllData fetches sections and main feed
00:08 +309 -19: C:/Users/Victor/Desktop/AppMube/test/unit/features/feed/presentation/feed_controller_test.dart: FeedController loadAllData fetches sections and main feed
00:08 +310 -19: C:/Users/Victor/Desktop/AppMube/test/unit/features/feed/presentation/feed_controller_test.dart: FeedController loadAllData fetches sections and main feed
00:09 +311 -19: C:/Users/Victor/Desktop/AppMube/test/unit/features/feed/presentation/feed_controller_test.dart: FeedController loadAllData fetches sections and main feed
00:09 +312 -19: C:/Users/Victor/Desktop/AppMube/test/unit/features/feed/presentation/feed_controller_test.dart: FeedController loadAllData fetches sections and main feed
00:09 +313 -19: C:/Users/Victor/Desktop/AppMube/test/unit/features/feed/presentation/feed_controller_test.dart: FeedController loadAllData fetches sections and main feed
00:09 +314 -19: C:/Users/Victor/Desktop/AppMube/test/unit/features/feed/presentation/feed_controller_test.dart: FeedController loadAllData fetches sections and main feed
00:09 +315 -19: C:/Users/Victor/Desktop/AppMube/test/unit/features/feed/presentation/feed_controller_test.dart: FeedController loadAllData fetches sections and main feed
00:09 +316 -19: C:/Users/Victor/Desktop/AppMube/test/unit/features/feed/presentation/feed_controller_test.dart: FeedController loadAllData fetches sections and main feed
00:09 +316 -20: C:/Users/Victor/Desktop/AppMube/test/unit/features/search/presentation/search_controller_test.dart: SearchController - Filtros Complexos refresh should reload search results
00:09 +316 -20: C:/Users/Victor/Desktop/AppMube/test/unit/features/feed/presentation/feed_controller_test.dart: FeedController loadAllData fetches sections and main feed [E]
  Expected: an object with length of <1>
    Actual: <null>
     Which: has no length property
  
  package:matcher                                                      expect
  package:flutter_test/src/widget_tester.dart 473:18                   expect
  test\unit\features\feed\presentation\feed_controller_test.dart 89:7  main.<fn>.<fn>
  
00:09 +317 -20: C:/Users/Victor/Desktop/AppMube/test/unit/features/search/presentation/search_controller_test.dart: SearchController - Filtros Complexos refresh should reload search results
00:09 +318 -20: C:/Users/Victor/Desktop/AppMube/test/unit/features/search/presentation/search_controller_test.dart: SearchController - Filtros Complexos refresh should reload search results
00:09 +319 -20: C:/Users/Victor/Desktop/AppMube/test/unit/features/search/presentation/search_controller_test.dart: SearchController - Filtros Complexos refresh should reload search results
00:09 +320 -20: C:/Users/Victor/Desktop/AppMube/test/unit/features/search/presentation/search_controller_test.dart: SearchController - Filtros Complexos refresh should reload search results
00:09 +321 -20: C:/Users/Victor/Desktop/AppMube/test/unit/features/search/presentation/search_controller_test.dart: SearchController - Filtros Complexos refresh should reload search results
00:09 +322 -20: C:/Users/Victor/Desktop/AppMube/test/unit/features/search/presentation/search_controller_test.dart: SearchController - Filtros Complexos refresh should reload search results
00:09 +323 -20: C:/Users/Victor/Desktop/AppMube/test/unit/features/search/presentation/search_controller_test.dart: SearchController - Filtros Complexos refresh should reload search results
00:09 +324 -20: C:/Users/Victor/Desktop/AppMube/test/unit/features/search/presentation/search_controller_test.dart: SearchController - Filtros Complexos refresh should reload search results
00:09 +325 -20: C:/Users/Victor/Desktop/AppMube/test/unit/features/search/presentation/search_controller_test.dart: SearchController - Filtros Complexos refresh should reload search results
00:09 +326 -20: C:/Users/Victor/Desktop/AppMube/test/unit/features/search/presentation/search_controller_test.dart: SearchController - Filtros Complexos refresh should reload search results
00:09 +327 -20: C:/Users/Victor/Desktop/AppMube/test/unit/features/search/presentation/search_controller_test.dart: SearchController - Filtros Complexos refresh should reload search results
00:09 +328 -20: C:/Users/Victor/Desktop/AppMube/test/unit/features/search/presentation/search_controller_test.dart: SearchController - Filtros Complexos refresh should reload search results
00:09 +329 -20: C:/Users/Victor/Desktop/AppMube/test/unit/features/search/presentation/search_controller_test.dart: SearchController - Filtros Complexos refresh should reload search results
00:09 +330 -20: C:/Users/Victor/Desktop/AppMube/test/unit/features/search/presentation/search_controller_test.dart: SearchController - Filtros Complexos refresh should reload search results
00:09 +331 -20: C:/Users/Victor/Desktop/AppMube/test/unit/features/search/presentation/search_controller_test.dart: SearchController - Filtros Complexos refresh should reload search results
00:09 +332 -20: C:/Users/Victor/Desktop/AppMube/test/unit/features/search/presentation/search_controller_test.dart: SearchController - Filtros Complexos refresh should reload search results
00:09 +333 -20: C:/Users/Victor/Desktop/AppMube/test/unit/features/search/presentation/search_controller_test.dart: SearchController - Filtros Complexos refresh should reload search results
00:09 +334 -20: C:/Users/Victor/Desktop/AppMube/test/unit/features/search/presentation/search_controller_test.dart: SearchController - Filtros Complexos refresh should reload search results
00:09 +335 -20: C:/Users/Victor/Desktop/AppMube/test/unit/features/search/presentation/search_controller_test.dart: SearchController - Filtros Complexos refresh should reload search results
00:09 +336 -20: C:/Users/Victor/Desktop/AppMube/test/unit/features/search/presentation/search_controller_test.dart: SearchController - Filtros Complexos refresh should reload search results
00:09 +337 -20: C:/Users/Victor/Desktop/AppMube/test/unit/features/search/presentation/search_controller_test.dart: SearchController - Filtros Complexos refresh should reload search results
00:09 +338 -20: C:/Users/Victor/Desktop/AppMube/test/unit/features/search/presentation/search_controller_test.dart: SearchController - Filtros Complexos refresh should reload search results
00:09 +339 -20: C:/Users/Victor/Desktop/AppMube/test/unit/features/search/presentation/search_controller_test.dart: SearchController - Filtros Complexos refresh should reload search results
00:09 +340 -20: C:/Users/Victor/Desktop/AppMube/test/unit/features/search/presentation/search_controller_test.dart: SearchController - Filtros Complexos refresh should reload search results
00:09 +341 -20: C:/Users/Victor/Desktop/AppMube/test/unit/features/search/presentation/search_controller_test.dart: SearchController - Filtros Complexos refresh should reload search results
00:09 +342 -20: C:/Users/Victor/Desktop/AppMube/test/unit/features/search/presentation/search_controller_test.dart: SearchController - Filtros Complexos refresh should reload search results
00:09 +343 -20: C:/Users/Victor/Desktop/AppMube/test/unit/features/search/presentation/search_controller_test.dart: SearchController - Filtros Complexos refresh should reload search results
00:09 +344 -20: C:/Users/Victor/Desktop/AppMube/test/unit/features/search/presentation/search_controller_test.dart: SearchController - Filtros Complexos refresh should reload search results
00:09 +345 -20: C:/Users/Victor/Desktop/AppMube/test/unit/features/search/presentation/search_controller_test.dart: SearchController - Filtros Complexos refresh should reload search results
00:09 +346 -20: C:/Users/Victor/Desktop/AppMube/test/unit/features/search/presentation/search_controller_test.dart: SearchController - Filtros Complexos refresh should reload search results
00:09 +347 -20: C:/Users/Victor/Desktop/AppMube/test/unit/features/search/presentation/search_controller_test.dart: SearchController - Filtros Complexos refresh should reload search results
00:09 +348 -20: C:/Users/Victor/Desktop/AppMube/test/unit/features/search/presentation/search_controller_test.dart: SearchController - Filtros Complexos refresh should reload search results
00:09 +349 -20: C:/Users/Victor/Desktop/AppMube/test/unit/features/search/presentation/search_controller_test.dart: SearchController - Filtros Complexos refresh should reload search results
00:10 +350 -20: C:/Users/Victor/Desktop/AppMube/test/unit/features/search/presentation/search_controller_test.dart: SearchController - Filtros Complexos refresh should reload search results
00:10 +351 -20: C:/Users/Victor/Desktop/AppMube/test/unit/features/search/presentation/search_controller_test.dart: SearchController - Filtros Complexos refresh should reload search results
00:10 +352 -20: C:/Users/Victor/Desktop/AppMube/test/unit/features/search/presentation/search_controller_test.dart: SearchController - Filtros Complexos refresh should reload search results
00:10 +353 -20: C:/Users/Victor/Desktop/AppMube/test/unit/features/search/presentation/search_controller_test.dart: SearchController - Filtros Complexos refresh should reload search results
00:10 +354 -20: C:/Users/Victor/Desktop/AppMube/test/unit/features/search/presentation/search_controller_test.dart: SearchController - Filtros Complexos refresh should reload search results
00:10 +355 -20: C:/Users/Victor/Desktop/AppMube/test/unit/features/search/presentation/search_controller_test.dart: SearchController - Filtros Complexos refresh should reload search results
00:10 +356 -20: C:/Users/Victor/Desktop/AppMube/test/unit/features/search/presentation/search_controller_test.dart: SearchController - Filtros Complexos refresh should reload search results
00:10 +357 -20: C:/Users/Victor/Desktop/AppMube/test/unit/features/search/presentation/search_controller_test.dart: SearchController - Filtros Complexos refresh should reload search results
00:10 +358 -20: C:/Users/Victor/Desktop/AppMube/test/unit/features/search/presentation/search_controller_test.dart: SearchController - Filtros Complexos refresh should reload search results
00:10 +359 -20: C:/Users/Victor/Desktop/AppMube/test/unit/features/search/presentation/search_controller_test.dart: SearchController - Filtros Complexos refresh should reload search results
00:10 +360 -20: C:/Users/Victor/Desktop/AppMube/test/unit/features/search/presentation/search_controller_test.dart: SearchController - Filtros Complexos refresh should reload search results
00:10 +361 -20: C:/Users/Victor/Desktop/AppMube/test/unit/features/search/presentation/search_controller_test.dart: SearchController - Filtros Complexos refresh should reload search results
00:10 +362 -20: C:/Users/Victor/Desktop/AppMube/test/unit/features/search/presentation/search_controller_test.dart: SearchController - Filtros Complexos refresh should reload search results
00:10 +363 -20: C:/Users/Victor/Desktop/AppMube/test/unit/features/search/presentation/search_controller_test.dart: SearchController - Filtros Complexos refresh should reload search results
00:10 +364 -20: C:/Users/Victor/Desktop/AppMube/test/unit/features/search/presentation/search_controller_test.dart: SearchController - Filtros Complexos refresh should reload search results
00:10 +365 -20: C:/Users/Victor/Desktop/AppMube/test/unit/features/search/presentation/search_controller_test.dart: SearchController - Filtros Complexos refresh should reload search results
00:10 +366 -20: C:/Users/Victor/Desktop/AppMube/test/unit/features/search/presentation/search_controller_test.dart: SearchController - Filtros Complexos refresh should reload search results
00:10 +367 -20: C:/Users/Victor/Desktop/AppMube/test/unit/features/search/presentation/search_controller_test.dart: SearchController - Filtros Complexos refresh should reload search results
00:10 +368 -20: C:/Users/Victor/Desktop/AppMube/test/unit/features/search/presentation/search_controller_test.dart: SearchController - Filtros Complexos refresh should reload search results
00:10 +369 -20: C:/Users/Victor/Desktop/AppMube/test/unit/features/search/presentation/search_controller_test.dart: SearchController - Filtros Complexos refresh should reload search results
00:10 +370 -20: C:/Users/Victor/Desktop/AppMube/test/unit/features/search/presentation/search_controller_test.dart: SearchController - Filtros Complexos refresh should reload search results
00:10 +371 -20: C:/Users/Victor/Desktop/AppMube/test/unit/features/search/presentation/search_controller_test.dart: SearchController - Filtros Complexos refresh should reload search results
00:10 +372 -20: C:/Users/Victor/Desktop/AppMube/test/unit/features/search/presentation/search_controller_test.dart: SearchController - Filtros Complexos refresh should reload search results
00:10 +373 -20: C:/Users/Victor/Desktop/AppMube/test/unit/features/search/presentation/search_controller_test.dart: SearchController - Filtros Complexos refresh should reload search results
00:10 +374 -20: C:/Users/Victor/Desktop/AppMube/test/unit/features/feed/presentation/feed_controller_test.dart: FeedController onFilterChanged updates filter and reloads feed
00:11 +375 -20: C:/Users/Victor/Desktop/AppMube/test/widget/auth/email_verification_screen_test.dart: EmailVerificationScreen Renderiza├º├úo renderiza tela com t├¡tulo correto
00:11 +376 -20: C:/Users/Victor/Desktop/AppMube/test/unit/features/search/presentation/search_controller_test.dart: SearchController - Filtros Complexos cancelDebounce should prevent pending search
00:11 +377 -20: C:/Users/Victor/Desktop/AppMube/test/unit/features/search/presentation/search_controller_test.dart: SearchController - Filtros Complexos cancelDebounce should prevent pending search
00:11 +378 -20: C:/Users/Victor/Desktop/AppMube/test/unit/features/search/presentation/search_controller_test.dart: SearchController - Filtros Complexos cancelDebounce should prevent pending search
00:11 +378 -21: C:/Users/Victor/Desktop/AppMube/test/widget/auth/login_screen_test.dart: LoginScreen Renderiza├º├úo renderiza tela com t├¡tulo correto
00:11 +378 -21: C:/Users/Victor/Desktop/AppMube/test/unit/features/search/presentation/search_controller_test.dart: SearchController - Filtros Complexos cancelDebounce should prevent pending search [E]
  Cannot use the Ref of NotifierProvider<SearchController, SearchPaginationState>#f69ca after it has been disposed. This typically happens if:
  - A provider rebuilt, but the previous "build" was still pending and is still performing operations.
    You should therefore either use `ref.onDispose` to cancel pending work, or
    check `ref.mounted` after async gaps or anything that could invalidate the provider.
  - You tried to use Ref inside `onDispose` or other life-cycles.
    This is not supported, as the provider is already being disposed.
  
  package:riverpod/src/core/ref.dart 220:7                                     Ref._throwIfInvalidUsage
  package:riverpod/src/core/provider/notifier_provider.dart 82:9               AnyNotifier.state
  package:mube/src/features/search/presentation/search_controller.dart 358:57  SearchController._performSearch
  ===== asynchronous gap ===========================
  dart:async                                                                   _CustomZone.registerUnaryCallback
  package:mube/src/features/search/presentation/search_controller.dart 355:26  SearchController._performSearch
  ===== asynchronous gap ===========================
  dart:async                                                                   new Future.microtask
  package:mube/src/features/search/presentation/search_controller.dart 145:12  SearchController.build
  package:riverpod/src/providers/notifier/orphan.dart 70:21                    Notifier.runBuild
  package:riverpod/src/core/provider/notifier_provider.dart 561:26             $ClassProviderElement.create
  package:riverpod/src/core/element.dart 665:28                                ProviderElement.buildState
  package:riverpod/src/core/element.dart 517:7                                 ProviderElement.mount
  package:riverpod/src/core/element.dart 620:7                                 ProviderElement.flush
  package:riverpod/src/core/provider/provider.dart 117:24                      $ProviderBaseImpl._addListener
  package:riverpod/src/core/proxy_provider_listenable.dart 106:31              ProviderElementProxy._addListener
  package:riverpod/src/core/provider_container.dart 954:26                     ProviderContainer.listen
  package:riverpod/src/core/provider_container.dart 911:17                     ProviderContainer.read
  test\unit\features\search\presentation\search_controller_test.dart 364:36    main.<fn>.<fn>
  
00:11 +379 -21: C:/Users/Victor/Desktop/AppMube/test/widget/auth/login_screen_test.dart: LoginScreen Renderiza├º├úo renderiza tela com t├¡tulo correto
00:11 +380 -21: C:/Users/Victor/Desktop/AppMube/test/widget/auth/login_screen_test.dart: LoginScreen Renderiza├º├úo renderiza tela com t├¡tulo correto
00:11 +381 -21: C:/Users/Victor/Desktop/AppMube/test/widget/auth/login_screen_test.dart: LoginScreen Renderiza├º├úo renderiza tela com t├¡tulo correto
00:11 +382 -21: C:/Users/Victor/Desktop/AppMube/test/widget/auth/login_screen_test.dart: LoginScreen Renderiza├º├úo renderiza tela com t├¡tulo correto
00:11 +383 -21: C:/Users/Victor/Desktop/AppMube/test/widget/auth/login_screen_test.dart: LoginScreen Renderiza├º├úo renderiza tela com t├¡tulo correto
00:11 +384 -21: C:/Users/Victor/Desktop/AppMube/test/widget/auth/login_screen_test.dart: LoginScreen Renderiza├º├úo renderiza tela com t├¡tulo correto
00:11 +385 -21: C:/Users/Victor/Desktop/AppMube/test/widget/auth/login_screen_test.dart: LoginScreen Renderiza├º├úo renderiza tela com t├¡tulo correto
00:11 +386 -21: C:/Users/Victor/Desktop/AppMube/test/widget/auth/login_screen_test.dart: LoginScreen Renderiza├º├úo renderiza tela com t├¡tulo correto
00:11 +387 -21: C:/Users/Victor/Desktop/AppMube/test/widget/auth/login_screen_test.dart: LoginScreen Renderiza├º├úo renderiza tela com t├¡tulo correto
00:11 +388 -21: C:/Users/Victor/Desktop/AppMube/test/widget/auth/login_screen_test.dart: LoginScreen Renderiza├º├úo renderiza tela com t├¡tulo correto
00:11 +389 -21: C:/Users/Victor/Desktop/AppMube/test/widget/auth/login_screen_test.dart: LoginScreen Renderiza├º├úo renderiza tela com t├¡tulo correto
00:11 +390 -21: C:/Users/Victor/Desktop/AppMube/test/widget/design_system/components/buttons/app_like_button_test.dart: AppLikeButton keeps optimistic count across screen recreation with stale initialCount
00:11 +391 -21: C:/Users/Victor/Desktop/AppMube/test/widget/design_system/components/buttons/app_like_button_test.dart: AppLikeButton keeps optimistic count across screen recreation with stale initialCount
00:11 +392 -21: C:/Users/Victor/Desktop/AppMube/test/widget/design_system/components/buttons/app_like_button_test.dart: AppLikeButton keeps optimistic count across screen recreation with stale initialCount
00:11 +393 -21: C:/Users/Victor/Desktop/AppMube/test/widget/design_system/components/buttons/app_like_button_test.dart: AppLikeButton keeps optimistic count across screen recreation with stale initialCount
00:11 +393 -22: C:/Users/Victor/Desktop/AppMube/test/widget/design_system/components/buttons/app_like_button_test.dart: AppLikeButton keeps optimistic count across screen recreation with stale initialCount
00:11 +393 -22: C:/Users/Victor/Desktop/AppMube/test/unit/features/search/presentation/search_controller_test.dart: SearchController - Filtros Complexos should handle error state gracefully [E]
  Expected: PaginationStatus:<PaginationStatus.error>
    Actual: PaginationStatus:<PaginationStatus.initial>
  
  package:matcher                                                           expect
  package:flutter_test/src/widget_tester.dart 473:18                        expect
  test\unit\features\search\presentation\search_controller_test.dart 390:7  main.<fn>.<fn>
  
00:11 +393 -22: C:/Users/Victor/Desktop/AppMube/test/widget/design_system/components/buttons/app_like_button_test.dart: AppLikeButton keeps optimistic count across screen recreation with stale initialCount
00:11 +393 -22: C:/Users/Victor/Desktop/AppMube/test/unit/features/search/presentation/search_controller_test.dart: SearchController - Filtros Complexos should handle error state gracefully [E]
  Cannot use the Ref of NotifierProvider<SearchController, SearchPaginationState>#f69ca after it has been disposed. This typically happens if:
  - A provider rebuilt, but the previous "build" was still pending and is still performing operations.
    You should therefore either use `ref.onDispose` to cancel pending work, or
    check `ref.mounted` after async gaps or anything that could invalidate the provider.
  - You tried to use Ref inside `onDispose` or other life-cycles.
    This is not supported, as the provider is already being disposed.
  
  package:riverpod/src/core/ref.dart 220:7                                     Ref._throwIfInvalidUsage
  package:riverpod/src/core/provider/notifier_provider.dart 82:9               AnyNotifier.state
  package:mube/src/features/search/presentation/search_controller.dart 358:57  SearchController._performSearch
  ===== asynchronous gap ===========================
  dart:async                                                                   _CustomZone.registerUnaryCallback
  package:mube/src/features/search/presentation/search_controller.dart 355:26  SearchController._performSearch
  ===== asynchronous gap ===========================
  dart:async                                                                   new Future.microtask
  package:mube/src/features/search/presentation/search_controller.dart 145:12  SearchController.build
  package:riverpod/src/providers/notifier/orphan.dart 70:21                    Notifier.runBuild
  package:riverpod/src/core/provider/notifier_provider.dart 561:26             $ClassProviderElement.create
  package:riverpod/src/core/element.dart 665:28                                ProviderElement.buildState
  package:riverpod/src/core/element.dart 517:7                                 ProviderElement.mount
  package:riverpod/src/core/element.dart 620:7                                 ProviderElement.flush
  package:riverpod/src/core/provider/provider.dart 117:24                      $ProviderBaseImpl._addListener
  package:riverpod/src/core/proxy_provider_listenable.dart 106:31              ProviderElementProxy._addListener
  package:riverpod/src/core/provider_container.dart 954:26                     ProviderContainer.listen
  package:riverpod/src/core/provider_container.dart 911:17                     ProviderContainer.read
  test\unit\features\search\presentation\search_controller_test.dart 382:36    main.<fn>.<fn>
  
  Cannot use the Ref of NotifierProvider<SearchController, SearchPaginationState>#f69ca after it has been disposed. This typically happens if:
  - A provider rebuilt, but the previous "build" was still pending and is still performing operations.
    You should therefore either use `ref.onDispose` to cancel pending work, or
    check `ref.mounted` after async gaps or anything that could invalidate the provider.
  - You tried to use Ref inside `onDispose` or other life-cycles.
    This is not supported, as the provider is already being disposed.
  
  package:riverpod/src/core/ref.dart 220:7                                     Ref._throwIfInvalidUsage
  package:riverpod/src/core/provider/notifier_provider.dart 82:9               AnyNotifier.state
  package:mube/src/features/search/presentation/search_controller.dart 358:57  SearchController._performSearch
  ===== asynchronous gap ===========================
  dart:async                                                                   _CustomZone.registerUnaryCallback
  package:mube/src/features/search/presentation/search_controller.dart 355:26  SearchController._performSearch
  ===== asynchronous gap ===========================
  dart:async                                                                   new Timer
  package:mube/src/features/search/presentation/search_controller.dart 349:22  SearchController._debouncedSearch
  package:mube/src/features/search/presentation/search_controller.dart 158:5   SearchController.setTerm
  test\unit\features\search\presentation\search_controller_test.dart 385:18    main.<fn>.<fn>
  
00:11 +394 -22: C:/Users/Victor/Desktop/AppMube/test/widget/design_system/components/buttons/app_like_button_test.dart: AppLikeButton keeps optimistic count across screen recreation with stale initialCount
00:11 +395 -22: C:/Users/Victor/Desktop/AppMube/test/widget/design_system/components/buttons/app_like_button_test.dart: AppLikeButton keeps optimistic count across screen recreation with stale initialCount
00:11 +396 -22: C:/Users/Victor/Desktop/AppMube/test/widget/design_system/components/buttons/app_like_button_test.dart: AppLikeButton keeps optimistic count across screen recreation with stale initialCount
00:11 +397 -22: C:/Users/Victor/Desktop/AppMube/test/widget/design_system/components/buttons/app_like_button_test.dart: AppLikeButton keeps optimistic count across screen recreation with stale initialCount
00:11 +398 -22: C:/Users/Victor/Desktop/AppMube/test/widget/design_system/components/buttons/app_like_button_test.dart: AppLikeButton keeps optimistic count across screen recreation with stale initialCount
00:11 +399 -22: C:/Users/Victor/Desktop/AppMube/test/widget/design_system/components/buttons/app_like_button_test.dart: AppLikeButton keeps optimistic count across screen recreation with stale initialCount
00:11 +400 -22: C:/Users/Victor/Desktop/AppMube/test/widget/design_system/components/buttons/app_like_button_test.dart: AppLikeButton keeps optimistic count across screen recreation with stale initialCount
00:11 +401 -22: C:/Users/Victor/Desktop/AppMube/test/widget/design_system/components/buttons/app_like_button_test.dart: AppLikeButton keeps optimistic count across screen recreation with stale initialCount
00:11 +402 -22: C:/Users/Victor/Desktop/AppMube/test/unit/features/feed/presentation/feed_controller_test.dart: FeedController updateLikeCount updates state locally
00:11 +403 -22: C:/Users/Victor/Desktop/AppMube/test/unit/features/feed/presentation/feed_controller_test.dart: FeedController updateLikeCount updates state locally
00:11 +404 -22: C:/Users/Victor/Desktop/AppMube/test/unit/features/feed/presentation/feed_controller_test.dart: FeedController updateLikeCount updates state locally
00:11 +405 -22: C:/Users/Victor/Desktop/AppMube/test/unit/features/feed/presentation/feed_controller_test.dart: FeedController updateLikeCount updates state locally
00:12 +406 -22: C:/Users/Victor/Desktop/AppMube/test/unit/features/feed/presentation/feed_controller_test.dart: FeedController updateLikeCount updates state locally
00:12 +407 -22: C:/Users/Victor/Desktop/AppMube/test/unit/features/feed/presentation/feed_controller_test.dart: FeedController updateLikeCount updates state locally
00:12 +408 -22: C:/Users/Victor/Desktop/AppMube/test/unit/features/feed/presentation/feed_controller_test.dart: FeedController updateLikeCount updates state locally
00:12 +409 -22: C:/Users/Victor/Desktop/AppMube/test/unit/features/feed/presentation/feed_controller_test.dart: FeedController updateLikeCount updates state locally
00:12 +410 -22: C:/Users/Victor/Desktop/AppMube/test/unit/features/feed/presentation/feed_controller_test.dart: FeedController updateLikeCount updates state locally
00:12 +411 -22: C:/Users/Victor/Desktop/AppMube/test/unit/features/feed/presentation/feed_controller_test.dart: FeedController updateLikeCount updates state locally
00:12 +412 -22: C:/Users/Victor/Desktop/AppMube/test/unit/features/feed/presentation/feed_controller_test.dart: FeedController updateLikeCount updates state locally
00:12 +413 -22: C:/Users/Victor/Desktop/AppMube/test/unit/features/feed/presentation/feed_controller_test.dart: FeedController updateLikeCount updates state locally
00:12 +414 -22: C:/Users/Victor/Desktop/AppMube/test/unit/features/feed/presentation/feed_controller_test.dart: FeedController updateLikeCount updates state locally
00:12 +415 -22: C:/Users/Victor/Desktop/AppMube/test/unit/features/feed/presentation/feed_controller_test.dart: FeedController updateLikeCount updates state locally
00:12 +416 -22: C:/Users/Victor/Desktop/AppMube/test/unit/features/feed/presentation/feed_controller_test.dart: FeedController updateLikeCount updates state locally
00:12 +417 -22: C:/Users/Victor/Desktop/AppMube/test/unit/features/feed/presentation/feed_controller_test.dart: FeedController updateLikeCount updates state locally
00:12 +418 -22: C:/Users/Victor/Desktop/AppMube/test/unit/features/feed/presentation/feed_controller_test.dart: FeedController updateLikeCount updates state locally
00:12 +419 -22: C:/Users/Victor/Desktop/AppMube/test/unit/features/feed/presentation/feed_controller_test.dart: FeedController updateLikeCount updates state locally
00:12 +419 -22: C:/Users/Victor/Desktop/AppMube/test/widget/auth/email_verification_screen_test.dart: EmailVerificationScreen Navega├º├úo redireciona quando email ├® verificado
Email verificado no Auth; claim ainda sincronizando. Continuando fluxo.
ÔòÉÔòÉÔòí EXCEPTION CAUGHT BY FLUTTER TEST FRAMEWORK Ôò×ÔòÉÔòÉÔòÉÔòÉÔòÉÔòÉÔòÉÔòÉÔòÉÔòÉÔòÉÔòÉÔòÉÔòÉÔòÉÔòÉÔòÉÔòÉÔòÉÔòÉÔòÉÔòÉÔòÉÔòÉÔòÉÔòÉÔòÉÔòÉÔòÉÔòÉÔòÉÔòÉÔòÉÔòÉÔòÉÔòÉÔòÉÔòÉÔòÉÔòÉÔòÉÔòÉÔòÉÔòÉÔòÉÔòÉÔòÉÔòÉÔòÉÔòÉÔòÉÔòÉ
The following TestFailure was thrown running a test:
Expected: exactly one matching candidate
  Actual: _TextWidgetFinder:<Found 0 widgets with text "Onboarding Page": []>
   Which: means none were found but one was expected

When the exception was thrown, this was the stack:
#4      main.<anonymous closure>.<anonymous closure>.<anonymous closure> (file:///C:/Users/Victor/Desktop/AppMube/test/widget/auth/email_verification_screen_test.dart:415:9)
<asynchronous suspension>
#5      testWidgets.<anonymous closure>.<anonymous closure> (package:flutter_test/src/widget_tester.dart:192:15)
<asynchronous suspension>
#6      TestWidgetsFlutterBinding._runTestBody (package:flutter_test/src/binding.dart:1059:5)
<asynchronous suspension>
<asynchronous suspension>
(elided one frame from package:stack_trace)

This was caught by the test expectation on the following line:
  file:///C:/Users/Victor/Desktop/AppMube/test/widget/auth/email_verification_screen_test.dart line 415
The test description was:
  redireciona quando email ├® verificado
ÔòÉÔòÉÔòÉÔòÉÔòÉÔòÉÔòÉÔòÉÔòÉÔòÉÔòÉÔòÉÔòÉÔòÉÔòÉÔòÉÔòÉÔòÉÔòÉÔòÉÔòÉÔòÉÔòÉÔòÉÔòÉÔòÉÔòÉÔòÉÔòÉÔòÉÔòÉÔòÉÔòÉÔòÉÔòÉÔòÉÔòÉÔòÉÔòÉÔòÉÔòÉÔòÉÔòÉÔòÉÔòÉÔòÉÔòÉÔòÉÔòÉÔòÉÔòÉÔòÉÔòÉÔòÉÔòÉÔòÉÔòÉÔòÉÔòÉÔòÉÔòÉÔòÉÔòÉÔòÉÔòÉÔòÉÔòÉÔòÉÔòÉÔòÉÔòÉÔòÉÔòÉÔòÉÔòÉÔòÉÔòÉÔòÉÔòÉÔòÉÔòÉÔòÉÔòÉÔòÉÔòÉÔòÉÔòÉÔòÉÔòÉÔòÉÔòÉÔòÉÔòÉÔòÉÔòÉÔòÉÔòÉÔòÉÔòÉÔòÉ
00:12 +419 -23: C:/Users/Victor/Desktop/AppMube/test/unit/features/feed/presentation/feed_controller_test.dart: FeedController updateLikeCount updates state locally
00:12 +419 -23: C:/Users/Victor/Desktop/AppMube/test/widget/auth/email_verification_screen_test.dart: EmailVerificationScreen Navega├º├úo redireciona quando email ├® verificado [E]
  Test failed. See exception logs above.
  The test description was: redireciona quando email ├® verificado
  
00:12 +420 -23: C:/Users/Victor/Desktop/AppMube/test/unit/features/feed/presentation/feed_controller_test.dart: FeedController updateLikeCount updates state locally
00:12 +421 -23: C:/Users/Victor/Desktop/AppMube/test/unit/features/feed/presentation/feed_controller_test.dart: FeedController updateLikeCount updates state locally
00:12 +422 -23: C:/Users/Victor/Desktop/AppMube/test/unit/features/feed/presentation/feed_controller_test.dart: FeedController updateLikeCount updates state locally
00:12 +423 -23: C:/Users/Victor/Desktop/AppMube/test/unit/features/feed/presentation/feed_controller_test.dart: FeedController updateLikeCount updates state locally
00:12 +424 -23: C:/Users/Victor/Desktop/AppMube/test/unit/features/feed/presentation/feed_controller_test.dart: FeedController updateLikeCount updates state locally
00:12 +425 -23: C:/Users/Victor/Desktop/AppMube/test/unit/features/feed/presentation/feed_controller_test.dart: FeedController updateLikeCount updates state locally
00:12 +426 -23: C:/Users/Victor/Desktop/AppMube/test/unit/features/feed/presentation/feed_controller_test.dart: FeedController updateLikeCount updates state locally
00:12 +427 -23: C:/Users/Victor/Desktop/AppMube/test/unit/features/feed/presentation/feed_controller_test.dart: FeedController updateLikeCount updates state locally
00:12 +428 -23: C:/Users/Victor/Desktop/AppMube/test/unit/features/feed/presentation/feed_controller_test.dart: FeedController updateLikeCount updates state locally
00:12 +429 -23: C:/Users/Victor/Desktop/AppMube/test/unit/features/feed/presentation/feed_controller_test.dart: FeedController updateLikeCount updates state locally
00:12 +430 -23: C:/Users/Victor/Desktop/AppMube/test/unit/features/feed/presentation/feed_controller_test.dart: FeedController updateLikeCount updates state locally
00:12 +431 -23: C:/Users/Victor/Desktop/AppMube/test/unit/features/feed/presentation/feed_controller_test.dart: FeedController updateLikeCount updates state locally
00:12 +432 -23: C:/Users/Victor/Desktop/AppMube/test/unit/features/feed/presentation/feed_controller_test.dart: FeedController updateLikeCount updates state locally
00:12 +433 -23: C:/Users/Victor/Desktop/AppMube/test/unit/features/feed/presentation/feed_controller_test.dart: FeedController updateLikeCount updates state locally
00:12 +434 -23: C:/Users/Victor/Desktop/AppMube/test/unit/features/feed/presentation/feed_controller_test.dart: FeedController updateLikeCount updates state locally
00:12 +435 -23: C:/Users/Victor/Desktop/AppMube/test/unit/features/feed/presentation/feed_controller_test.dart: FeedController updateLikeCount updates state locally
00:12 +436 -23: C:/Users/Victor/Desktop/AppMube/test/unit/features/feed/presentation/feed_controller_test.dart: FeedController updateLikeCount updates state locally
00:12 +437 -23: C:/Users/Victor/Desktop/AppMube/test/unit/features/feed/presentation/feed_controller_test.dart: FeedController updateLikeCount updates state locally
00:12 +438 -23: C:/Users/Victor/Desktop/AppMube/test/unit/features/feed/presentation/feed_controller_test.dart: FeedController updateLikeCount updates state locally
00:12 +439 -23: C:/Users/Victor/Desktop/AppMube/test/unit/features/feed/presentation/feed_controller_test.dart: FeedController updateLikeCount updates state locally
00:12 +440 -23: C:/Users/Victor/Desktop/AppMube/test/unit/features/feed/presentation/feed_controller_test.dart: FeedController updateLikeCount updates state locally
00:12 +441 -23: C:/Users/Victor/Desktop/AppMube/test/unit/features/feed/presentation/feed_controller_test.dart: FeedController updateLikeCount updates state locally
00:12 +442 -23: C:/Users/Victor/Desktop/AppMube/test/unit/features/feed/presentation/feed_controller_test.dart: FeedController updateLikeCount updates state locally
00:12 +443 -23: C:/Users/Victor/Desktop/AppMube/test/unit/features/feed/presentation/feed_controller_test.dart: FeedController updateLikeCount updates state locally
00:12 +444 -23: C:/Users/Victor/Desktop/AppMube/test/unit/features/feed/presentation/feed_controller_test.dart: FeedController updateLikeCount updates state locally
00:12 +445 -23: C:/Users/Victor/Desktop/AppMube/test/unit/features/feed/presentation/feed_controller_test.dart: FeedController updateLikeCount updates state locally
00:12 +446 -23: C:/Users/Victor/Desktop/AppMube/test/unit/features/feed/presentation/feed_controller_test.dart: FeedController updateLikeCount updates state locally
00:12 +447 -23: C:/Users/Victor/Desktop/AppMube/test/unit/features/feed/presentation/feed_controller_test.dart: FeedController updateLikeCount updates state locally
00:12 +448 -23: C:/Users/Victor/Desktop/AppMube/test/unit/features/feed/presentation/feed_controller_test.dart: FeedController updateLikeCount updates state locally
00:12 +449 -23: C:/Users/Victor/Desktop/AppMube/test/unit/features/feed/presentation/feed_controller_test.dart: FeedController updateLikeCount updates state locally
00:12 +450 -23: C:/Users/Victor/Desktop/AppMube/test/unit/features/feed/presentation/feed_controller_test.dart: FeedController updateLikeCount updates state locally
00:12 +451 -23: C:/Users/Victor/Desktop/AppMube/test/unit/features/feed/presentation/feed_controller_test.dart: FeedController updateLikeCount updates state locally
00:12 +452 -23: C:/Users/Victor/Desktop/AppMube/test/unit/features/feed/presentation/feed_controller_test.dart: FeedController updateLikeCount updates state locally
00:12 +453 -23: C:/Users/Victor/Desktop/AppMube/test/unit/features/feed/presentation/feed_controller_test.dart: FeedController updateLikeCount updates state locally
00:12 +454 -23: C:/Users/Victor/Desktop/AppMube/test/unit/features/feed/presentation/feed_controller_test.dart: FeedController updateLikeCount updates state locally
00:13 +455 -23: C:/Users/Victor/Desktop/AppMube/test/unit/features/feed/presentation/feed_controller_test.dart: FeedController updateLikeCount updates state locally
00:13 +456 -23: C:/Users/Victor/Desktop/AppMube/test/unit/features/feed/presentation/feed_controller_test.dart: FeedController updateLikeCount updates state locally
00:13 +457 -23: C:/Users/Victor/Desktop/AppMube/test/unit/features/feed/presentation/feed_controller_test.dart: FeedController updateLikeCount updates state locally
00:13 +458 -23: C:/Users/Victor/Desktop/AppMube/test/unit/features/feed/presentation/feed_controller_test.dart: FeedController updateLikeCount updates state locally
00:13 +459 -23: C:/Users/Victor/Desktop/AppMube/test/unit/features/feed/presentation/feed_controller_test.dart: FeedController updateLikeCount updates state locally
00:13 +460 -23: C:/Users/Victor/Desktop/AppMube/test/unit/features/feed/presentation/feed_controller_test.dart: FeedController updateLikeCount updates state locally
00:13 +461 -23: C:/Users/Victor/Desktop/AppMube/test/unit/features/feed/presentation/feed_controller_test.dart: FeedController updateLikeCount updates state locally
00:13 +462 -23: C:/Users/Victor/Desktop/AppMube/test/unit/features/feed/presentation/feed_controller_test.dart: FeedController updateLikeCount updates state locally
00:13 +463 -23: C:/Users/Victor/Desktop/AppMube/test/unit/features/feed/presentation/feed_controller_test.dart: FeedController updateLikeCount updates state locally
00:13 +464 -23: C:/Users/Victor/Desktop/AppMube/test/unit/features/feed/presentation/feed_controller_test.dart: FeedController updateLikeCount updates state locally
00:13 +465 -23: C:/Users/Victor/Desktop/AppMube/test/unit/features/feed/presentation/feed_controller_test.dart: FeedController updateLikeCount updates state locally
00:13 +466 -23: C:/Users/Victor/Desktop/AppMube/test/unit/features/feed/presentation/feed_controller_test.dart: FeedController updateLikeCount updates state locally
00:13 +467 -23: C:/Users/Victor/Desktop/AppMube/test/unit/features/feed/presentation/feed_controller_test.dart: FeedController updateLikeCount updates state locally
00:13 +468 -23: C:/Users/Victor/Desktop/AppMube/test/unit/features/feed/presentation/feed_controller_test.dart: FeedController updateLikeCount updates state locally
00:13 +469 -23: C:/Users/Victor/Desktop/AppMube/test/unit/features/feed/presentation/feed_controller_test.dart: FeedController updateLikeCount updates state locally
00:13 +470 -23: C:/Users/Victor/Desktop/AppMube/test/unit/features/feed/presentation/feed_controller_test.dart: FeedController updateLikeCount updates state locally
00:13 +471 -23: C:/Users/Victor/Desktop/AppMube/test/unit/features/feed/presentation/feed_controller_test.dart: FeedController updateLikeCount updates state locally
00:13 +472 -23: C:/Users/Victor/Desktop/AppMube/test/unit/features/feed/presentation/feed_controller_test.dart: FeedController updateLikeCount updates state locally
00:13 +473 -23: C:/Users/Victor/Desktop/AppMube/test/unit/features/feed/presentation/feed_controller_test.dart: FeedController updateLikeCount updates state locally
00:13 +474 -23: C:/Users/Victor/Desktop/AppMube/test/unit/features/feed/presentation/feed_controller_test.dart: FeedController updateLikeCount updates state locally
00:13 +475 -23: C:/Users/Victor/Desktop/AppMube/test/unit/features/feed/presentation/feed_controller_test.dart: FeedController updateLikeCount updates state locally
00:13 +476 -23: C:/Users/Victor/Desktop/AppMube/test/unit/features/feed/presentation/feed_controller_test.dart: FeedController updateLikeCount updates state locally
00:13 +477 -23: C:/Users/Victor/Desktop/AppMube/test/unit/features/feed/presentation/feed_controller_test.dart: FeedController updateLikeCount updates state locally
00:13 +478 -23: C:/Users/Victor/Desktop/AppMube/test/unit/features/feed/presentation/feed_controller_test.dart: FeedController updateLikeCount updates state locally
00:13 +479 -23: C:/Users/Victor/Desktop/AppMube/test/unit/features/feed/presentation/feed_controller_test.dart: FeedController updateLikeCount updates state locally
00:13 +480 -23: C:/Users/Victor/Desktop/AppMube/test/unit/features/feed/presentation/feed_controller_test.dart: FeedController updateLikeCount updates state locally
00:13 +481 -23: C:/Users/Victor/Desktop/AppMube/test/unit/features/feed/presentation/feed_controller_test.dart: FeedController updateLikeCount updates state locally
00:13 +482 -23: C:/Users/Victor/Desktop/AppMube/test/unit/features/feed/presentation/feed_controller_test.dart: FeedController updateLikeCount updates state locally
00:13 +483 -23: C:/Users/Victor/Desktop/AppMube/test/unit/features/feed/presentation/feed_controller_test.dart: FeedController updateLikeCount updates state locally
00:13 +484 -23: C:/Users/Victor/Desktop/AppMube/test/unit/features/feed/presentation/feed_controller_test.dart: FeedController updateLikeCount updates state locally
00:13 +485 -23: C:/Users/Victor/Desktop/AppMube/test/unit/features/feed/presentation/feed_controller_test.dart: FeedController updateLikeCount updates state locally
00:13 +486 -23: C:/Users/Victor/Desktop/AppMube/test/unit/features/feed/presentation/feed_controller_test.dart: FeedController updateLikeCount updates state locally
00:13 +487 -23: C:/Users/Victor/Desktop/AppMube/test/unit/features/feed/presentation/feed_controller_test.dart: FeedController updateLikeCount updates state locally
00:14 +488 -23: C:/Users/Victor/Desktop/AppMube/test/unit/features/feed/presentation/feed_controller_test.dart: FeedController updateLikeCount updates state locally
00:14 +489 -23: C:/Users/Victor/Desktop/AppMube/test/unit/features/feed/presentation/feed_controller_test.dart: FeedController updateLikeCount updates state locally
00:14 +490 -23: C:/Users/Victor/Desktop/AppMube/test/unit/features/feed/presentation/feed_controller_test.dart: FeedController updateLikeCount updates state locally
00:14 +491 -23: C:/Users/Victor/Desktop/AppMube/test/unit/features/feed/presentation/feed_controller_test.dart: FeedController updateLikeCount updates state locally
00:14 +491 -24: C:/Users/Victor/Desktop/AppMube/test/widget/features/auth/presentation/register_screen_test.dart: RegisterScreen renders correctly with all fields
00:14 +491 -24: C:/Users/Victor/Desktop/AppMube/test/unit/features/feed/presentation/feed_controller_test.dart: FeedController updateLikeCount updates state locally [E]
  Expected: <1>
    Actual: <null>
  
  package:matcher                                                       expect
  package:flutter_test/src/widget_tester.dart 473:18                    expect
  test\unit\features\feed\presentation\feed_controller_test.dart 145:7  main.<fn>.<fn>
  
00:14 +492 -24: C:/Users/Victor/Desktop/AppMube/test/widget/features/chat/presentation/conversations_screen_test.dart: ConversationsScreen renders correctly with app bar
00:14 +493 -24: C:/Users/Victor/Desktop/AppMube/test/widget/features/favorites/presentation/favorites_screen_test.dart: FavoritesScreen renders correctly with app bar
00:14 +494 -24: C:/Users/Victor/Desktop/AppMube/test/widget/features/favorites/presentation/favorites_screen_test.dart: FavoritesScreen renders correctly with app bar
00:14 +495 -24: C:/Users/Victor/Desktop/AppMube/test/widget/features/favorites/presentation/favorites_screen_test.dart: FavoritesScreen renders correctly with app bar
00:14 +496 -24: C:/Users/Victor/Desktop/AppMube/test/widget/features/favorites/presentation/favorites_screen_test.dart: FavoritesScreen renders correctly with app bar
00:14 +497 -24: C:/Users/Victor/Desktop/AppMube/test/widget/features/favorites/presentation/favorites_screen_test.dart: FavoritesScreen renders correctly with app bar
00:14 +498 -24: C:/Users/Victor/Desktop/AppMube/test/widget/features/favorites/presentation/favorites_screen_test.dart: FavoritesScreen renders correctly with app bar
00:14 +499 -24: C:/Users/Victor/Desktop/AppMube/test/widget/features/favorites/presentation/favorites_screen_test.dart: FavoritesScreen renders correctly with app bar
00:14 +500 -24: C:/Users/Victor/Desktop/AppMube/test/widget/features/favorites/presentation/favorites_screen_test.dart: FavoritesScreen renders correctly with app bar
00:14 +501 -24: C:/Users/Victor/Desktop/AppMube/test/widget/features/favorites/presentation/favorites_screen_test.dart: FavoritesScreen renders correctly with app bar
00:14 +502 -24: C:/Users/Victor/Desktop/AppMube/test/widget/features/feed/feed_screen_test.dart: FeedScreen shows skeleton when loading
00:15 +503 -24: C:/Users/Victor/Desktop/AppMube/test/widget/features/feed/feed_screen_test.dart: FeedScreen shows skeleton when loading
00:15 +504 -24: C:/Users/Victor/Desktop/AppMube/test/widget/features/feed/feed_screen_test.dart: FeedScreen shows skeleton when loading
00:15 +505 -24: C:/Users/Victor/Desktop/AppMube/test/widget/features/feed/feed_screen_test.dart: FeedScreen shows skeleton when loading
00:15 +506 -24: C:/Users/Victor/Desktop/AppMube/test/widget/features/feed/feed_screen_test.dart: FeedScreen shows skeleton when loading
00:15 +507 -24: C:/Users/Victor/Desktop/AppMube/test/widget/features/feed/feed_screen_test.dart: FeedScreen shows skeleton when loading
00:15 +508 -24: C:/Users/Victor/Desktop/AppMube/test/unit/features/feed/presentation/feed_controller_test.dart: FeedController handles error in loadAllData
00:15 +509 -24: C:/Users/Victor/Desktop/AppMube/test/unit/features/feed/presentation/feed_controller_test.dart: FeedController handles error in loadAllData
00:15 +510 -24: C:/Users/Victor/Desktop/AppMube/test/unit/features/feed/presentation/feed_controller_test.dart: FeedController handles error in loadAllData
00:15 +511 -24: C:/Users/Victor/Desktop/AppMube/test/unit/features/feed/presentation/feed_controller_test.dart: FeedController handles error in loadAllData
00:15 +512 -24: C:/Users/Victor/Desktop/AppMube/test/unit/features/feed/presentation/feed_controller_test.dart: FeedController handles error in loadAllData
00:15 +513 -24: C:/Users/Victor/Desktop/AppMube/test/unit/features/feed/presentation/feed_controller_test.dart: FeedController handles error in loadAllData
00:15 +514 -24: C:/Users/Victor/Desktop/AppMube/test/unit/features/feed/presentation/feed_controller_test.dart: FeedController handles error in loadAllData
00:15 +515 -24: C:/Users/Victor/Desktop/AppMube/test/unit/features/feed/presentation/feed_controller_test.dart: FeedController handles error in loadAllData
00:15 +516 -24: C:/Users/Victor/Desktop/AppMube/test/unit/features/feed/presentation/feed_controller_test.dart: FeedController handles error in loadAllData
00:15 +517 -24: C:/Users/Victor/Desktop/AppMube/test/unit/features/feed/presentation/feed_controller_test.dart: FeedController handles error in loadAllData
00:15 +518 -24: C:/Users/Victor/Desktop/AppMube/test/unit/features/feed/presentation/feed_controller_test.dart: FeedController handles error in loadAllData
00:15 +519 -24: C:/Users/Victor/Desktop/AppMube/test/unit/features/feed/presentation/feed_controller_test.dart: FeedController handles error in loadAllData
00:15 +520 -24: C:/Users/Victor/Desktop/AppMube/test/unit/features/feed/presentation/feed_controller_test.dart: FeedController handles error in loadAllData
00:15 +521 -24: C:/Users/Victor/Desktop/AppMube/test/unit/features/feed/presentation/feed_controller_test.dart: FeedController handles error in loadAllData
00:15 +522 -24: C:/Users/Victor/Desktop/AppMube/test/unit/features/feed/presentation/feed_controller_test.dart: FeedController handles error in loadAllData
00:15 +523 -24: C:/Users/Victor/Desktop/AppMube/test/unit/features/feed/presentation/feed_controller_test.dart: FeedController handles error in loadAllData
00:15 +524 -24: C:/Users/Victor/Desktop/AppMube/test/unit/features/feed/presentation/feed_controller_test.dart: FeedController handles error in loadAllData
00:15 +525 -24: C:/Users/Victor/Desktop/AppMube/test/unit/features/feed/presentation/feed_controller_test.dart: FeedController handles error in loadAllData
00:15 +526 -24: C:/Users/Victor/Desktop/AppMube/test/unit/features/feed/presentation/feed_controller_test.dart: FeedController handles error in loadAllData
00:15 +527 -24: C:/Users/Victor/Desktop/AppMube/test/unit/features/feed/presentation/feed_controller_test.dart: FeedController handles error in loadAllData
00:15 +528 -24: C:/Users/Victor/Desktop/AppMube/test/unit/features/feed/presentation/feed_controller_test.dart: FeedController handles error in loadAllData
00:15 +529 -24: C:/Users/Victor/Desktop/AppMube/test/unit/features/feed/presentation/feed_controller_test.dart: FeedController handles error in loadAllData
00:15 +530 -24: C:/Users/Victor/Desktop/AppMube/test/unit/features/feed/presentation/feed_controller_test.dart: FeedController handles error in loadAllData
00:15 +531 -24: C:/Users/Victor/Desktop/AppMube/test/unit/features/feed/presentation/feed_controller_test.dart: FeedController handles error in loadAllData
00:15 +532 -24: C:/Users/Victor/Desktop/AppMube/test/unit/features/feed/presentation/feed_controller_test.dart: FeedController handles error in loadAllData
00:15 +533 -24: C:/Users/Victor/Desktop/AppMube/test/unit/features/feed/presentation/feed_controller_test.dart: FeedController handles error in loadAllData
00:15 +534 -24: C:/Users/Victor/Desktop/AppMube/test/unit/features/feed/presentation/feed_controller_test.dart: FeedController handles error in loadAllData
00:16 +535 -24: C:/Users/Victor/Desktop/AppMube/test/unit/features/feed/presentation/feed_controller_test.dart: FeedController handles error in loadAllData
00:16 +536 -24: C:/Users/Victor/Desktop/AppMube/test/unit/features/feed/presentation/feed_controller_test.dart: FeedController handles error in loadAllData
00:16 +537 -24: C:/Users/Victor/Desktop/AppMube/test/unit/features/feed/presentation/feed_controller_test.dart: FeedController handles error in loadAllData
00:16 +538 -24: C:/Users/Victor/Desktop/AppMube/test/unit/features/feed/presentation/feed_controller_test.dart: FeedController handles error in loadAllData
00:16 +539 -24: C:/Users/Victor/Desktop/AppMube/test/unit/features/feed/presentation/feed_controller_test.dart: FeedController handles error in loadAllData
00:16 +540 -24: C:/Users/Victor/Desktop/AppMube/test/unit/features/feed/presentation/feed_controller_test.dart: FeedController handles error in loadAllData
00:16 +541 -24: C:/Users/Victor/Desktop/AppMube/test/unit/features/feed/presentation/feed_controller_test.dart: FeedController handles error in loadAllData
00:16 +542 -24: C:/Users/Victor/Desktop/AppMube/test/unit/features/feed/presentation/feed_controller_test.dart: FeedController handles error in loadAllData
00:16 +543 -24: C:/Users/Victor/Desktop/AppMube/test/unit/features/feed/presentation/feed_controller_test.dart: FeedController handles error in loadAllData
00:16 +544 -24: C:/Users/Victor/Desktop/AppMube/test/unit/features/feed/presentation/feed_controller_test.dart: FeedController handles error in loadAllData
00:16 +545 -24: C:/Users/Victor/Desktop/AppMube/test/unit/features/feed/presentation/feed_controller_test.dart: FeedController handles error in loadAllData
00:16 +546 -24: C:/Users/Victor/Desktop/AppMube/test/unit/features/feed/presentation/feed_controller_test.dart: FeedController handles error in loadAllData
00:16 +547 -24: C:/Users/Victor/Desktop/AppMube/test/unit/features/feed/presentation/feed_controller_test.dart: FeedController handles error in loadAllData
00:16 +548 -24: C:/Users/Victor/Desktop/AppMube/test/unit/features/feed/presentation/feed_controller_test.dart: FeedController handles error in loadAllData
00:16 +549 -24: C:/Users/Victor/Desktop/AppMube/test/unit/features/feed/presentation/feed_controller_test.dart: FeedController handles error in loadAllData
00:16 +550 -24: C:/Users/Victor/Desktop/AppMube/test/unit/features/feed/presentation/feed_controller_test.dart: FeedController handles error in loadAllData
00:16 +551 -24: C:/Users/Victor/Desktop/AppMube/test/unit/features/feed/presentation/feed_controller_test.dart: FeedController handles error in loadAllData
00:16 +552 -24: C:/Users/Victor/Desktop/AppMube/test/unit/features/feed/presentation/feed_controller_test.dart: FeedController handles error in loadAllData
00:16 +553 -24: C:/Users/Victor/Desktop/AppMube/test/unit/features/feed/presentation/feed_controller_test.dart: FeedController handles error in loadAllData
00:16 +554 -24: C:/Users/Victor/Desktop/AppMube/test/unit/features/feed/presentation/feed_controller_test.dart: FeedController handles error in loadAllData
00:16 +555 -24: C:/Users/Victor/Desktop/AppMube/test/unit/features/feed/presentation/feed_controller_test.dart: FeedController handles error in loadAllData
00:16 +556 -24: C:/Users/Victor/Desktop/AppMube/test/unit/features/feed/presentation/feed_controller_test.dart: FeedController handles error in loadAllData
00:16 +557 -24: C:/Users/Victor/Desktop/AppMube/test/unit/features/feed/presentation/feed_controller_test.dart: FeedController handles error in loadAllData
00:16 +558 -24: C:/Users/Victor/Desktop/AppMube/test/unit/features/feed/presentation/feed_controller_test.dart: FeedController handles error in loadAllData
00:16 +559 -24: C:/Users/Victor/Desktop/AppMube/test/unit/features/feed/presentation/feed_controller_test.dart: FeedController handles error in loadAllData
00:16 +560 -24: C:/Users/Victor/Desktop/AppMube/test/unit/features/feed/presentation/feed_controller_test.dart: FeedController handles error in loadAllData
00:16 +561 -24: C:/Users/Victor/Desktop/AppMube/test/unit/features/feed/presentation/feed_controller_test.dart: FeedController handles error in loadAllData
00:16 +562 -24: C:/Users/Victor/Desktop/AppMube/test/unit/features/feed/presentation/feed_controller_test.dart: FeedController handles error in loadAllData
00:16 +563 -24: C:/Users/Victor/Desktop/AppMube/test/unit/features/feed/presentation/feed_controller_test.dart: FeedController handles error in loadAllData
00:16 +564 -24: C:/Users/Victor/Desktop/AppMube/test/unit/features/feed/presentation/feed_controller_test.dart: FeedController handles error in loadAllData
00:16 +565 -24: C:/Users/Victor/Desktop/AppMube/test/unit/features/feed/presentation/feed_controller_test.dart: FeedController handles error in loadAllData
00:17 +566 -24: C:/Users/Victor/Desktop/AppMube/test/unit/features/feed/presentation/feed_controller_test.dart: FeedController handles error in loadAllData
00:17 +567 -24: C:/Users/Victor/Desktop/AppMube/test/unit/features/feed/presentation/feed_controller_test.dart: FeedController handles error in loadAllData
00:17 +568 -24: C:/Users/Victor/Desktop/AppMube/test/unit/features/feed/presentation/feed_controller_test.dart: FeedController handles error in loadAllData
00:17 +569 -24: C:/Users/Victor/Desktop/AppMube/test/unit/features/feed/presentation/feed_controller_test.dart: FeedController handles error in loadAllData
00:17 +570 -24: C:/Users/Victor/Desktop/AppMube/test/unit/features/feed/presentation/feed_controller_test.dart: FeedController handles error in loadAllData
00:17 +570 -24: C:/Users/Victor/Desktop/AppMube/test/widget/features/onboarding/presentation/onboarding_type_screen_test.dart: OnboardingTypeScreen selecting Contratante submits correct type

Warning: A call to tap() with finder "Found 1 widget with text "Contratante": [
  Text("Contratante", inherit: true, color: Color(alpha: 1.0000, red: 1.0000, green: 1.0000, blue: 1.0000, colorSpace: ColorSpace.sRGB), family: Poppins_600, familyFallback: [Poppins], size: 18.0, weight: 600, letterSpacing: -0.2, dependencies: [DefaultSelectionStyle, DefaultTextStyle, MediaQuery]),
]" derived an Offset (Offset(322.9, 614.0)) that would not hit test on the specified widget.
Maybe the widget is actually off-screen, or another widget is obscuring it, or the widget cannot receive pointer events.
Indeed, Offset(322.9, 614.0) is outside the bounds of the root of the render tree, Size(800.0, 600.0).
The finder corresponds to this RenderBox: RenderParagraph#46e67 relayoutBoundary=up24
The hit test result at that offset is: HitTestResult(HitTestEntry<HitTestTarget>#c9127(_ReusableRenderView#16234), HitTestEntry<HitTestTarget>#8f288(<AutomatedTestWidgetsFlutterBinding>))
#0      WidgetController._getElementPoint (package:flutter_test/src/controller.dart:2081:25)
#1      WidgetController.getCenter (package:flutter_test/src/controller.dart:1865:12)
#2      WidgetController.tap (package:flutter_test/src/controller.dart:1045:7)
#3      main.<anonymous closure>.<anonymous closure> (file:///C:/Users/Victor/Desktop/AppMube/test/widget/features/onboarding/presentation/onboarding_type_screen_test.dart:88:20)
<asynchronous suspension>
#4      testWidgets.<anonymous closure>.<anonymous closure> (package:flutter_test/src/widget_tester.dart:192:15)
<asynchronous suspension>
#5      TestWidgetsFlutterBinding._runTestBody (package:flutter_test/src/binding.dart:1059:5)
<asynchronous suspension>
#6      StackZoneSpecification._registerCallback.<anonymous closure> (package:stack_trace/src/stack_zone_specification.dart:114:42)
<asynchronous suspension>
To silence this warning, pass "warnIfMissed: false" to "tap()".
To make this warning fatal, set WidgetController.hitTestWarningShouldBeFatal to true.

ÔòÉÔòÉÔòí EXCEPTION CAUGHT BY FLUTTER TEST FRAMEWORK Ôò×ÔòÉÔòÉÔòÉÔòÉÔòÉÔòÉÔòÉÔòÉÔòÉÔòÉÔòÉÔòÉÔòÉÔòÉÔòÉÔòÉÔòÉÔòÉÔòÉÔòÉÔòÉÔòÉÔòÉÔòÉÔòÉÔòÉÔòÉÔòÉÔòÉÔòÉÔòÉÔòÉÔòÉÔòÉÔòÉÔòÉÔòÉÔòÉÔòÉÔòÉÔòÉÔòÉÔòÉÔòÉÔòÉÔòÉÔòÉÔòÉÔòÉÔòÉÔòÉÔòÉ
The following TestFailure was thrown running a test:
Expected: not null
  Actual: <null>

When the exception was thrown, this was the stack:
#4      main.<anonymous closure>.<anonymous closure> (file:///C:/Users/Victor/Desktop/AppMube/test/widget/features/onboarding/presentation/onboarding_type_screen_test.dart:99:7)
<asynchronous suspension>
#5      testWidgets.<anonymous closure>.<anonymous closure> (package:flutter_test/src/widget_tester.dart:192:15)
<asynchronous suspension>
#6      TestWidgetsFlutterBinding._runTestBody (package:flutter_test/src/binding.dart:1059:5)
<asynchronous suspension>
<asynchronous suspension>
(elided one frame from package:stack_trace)

This was caught by the test expectation on the following line:
  file:///C:/Users/Victor/Desktop/AppMube/test/widget/features/onboarding/presentation/onboarding_type_screen_test.dart line 99
The test description was:
  selecting Contratante submits correct type
ÔòÉÔòÉÔòÉÔòÉÔòÉÔòÉÔòÉÔòÉÔòÉÔòÉÔòÉÔòÉÔòÉÔòÉÔòÉÔòÉÔòÉÔòÉÔòÉÔòÉÔòÉÔòÉÔòÉÔòÉÔòÉÔòÉÔòÉÔòÉÔòÉÔòÉÔòÉÔòÉÔòÉÔòÉÔòÉÔòÉÔòÉÔòÉÔòÉÔòÉÔòÉÔòÉÔòÉÔòÉÔòÉÔòÉÔòÉÔòÉÔòÉÔòÉÔòÉÔòÉÔòÉÔòÉÔòÉÔòÉÔòÉÔòÉÔòÉÔòÉÔòÉÔòÉÔòÉÔòÉÔòÉÔòÉÔòÉÔòÉÔòÉÔòÉÔòÉÔòÉÔòÉÔòÉÔòÉÔòÉÔòÉÔòÉÔòÉÔòÉÔòÉÔòÉÔòÉÔòÉÔòÉÔòÉÔòÉÔòÉÔòÉÔòÉÔòÉÔòÉÔòÉÔòÉÔòÉÔòÉÔòÉÔòÉÔòÉÔòÉ
00:17 +570 -25: C:/Users/Victor/Desktop/AppMube/test/unit/features/feed/presentation/feed_controller_test.dart: FeedController handles error in loadAllData
00:17 +570 -25: C:/Users/Victor/Desktop/AppMube/test/widget/features/onboarding/presentation/onboarding_type_screen_test.dart: OnboardingTypeScreen selecting Contratante submits correct type [E]
  Test failed. See exception logs above.
  The test description was: selecting Contratante submits correct type
  
00:17 +571 -25: C:/Users/Victor/Desktop/AppMube/test/unit/features/feed/presentation/feed_controller_test.dart: FeedController handles error in loadAllData
00:17 +572 -25: C:/Users/Victor/Desktop/AppMube/test/unit/features/feed/presentation/feed_controller_test.dart: FeedController handles error in loadAllData
00:17 +573 -25: C:/Users/Victor/Desktop/AppMube/test/unit/features/feed/presentation/feed_controller_test.dart: FeedController handles error in loadAllData
00:17 +574 -25: C:/Users/Victor/Desktop/AppMube/test/unit/features/feed/presentation/feed_controller_test.dart: FeedController handles error in loadAllData
00:17 +575 -25: C:/Users/Victor/Desktop/AppMube/test/unit/features/feed/presentation/feed_controller_test.dart: FeedController handles error in loadAllData
00:17 +576 -25: C:/Users/Victor/Desktop/AppMube/test/widget/features/settings/presentation/settings_screen_test.dart: SettingsScreen renders common tiles
00:17 +577 -25: C:/Users/Victor/Desktop/AppMube/test/widget/features/settings/presentation/settings_screen_test.dart: SettingsScreen renders common tiles
00:17 +578 -25: C:/Users/Victor/Desktop/AppMube/test/widget/features/settings/presentation/settings_screen_test.dart: SettingsScreen renders common tiles
00:17 +579 -25: C:/Users/Victor/Desktop/AppMube/test/widget/features/settings/presentation/settings_screen_test.dart: SettingsScreen renders common tiles
00:17 +580 -25: C:/Users/Victor/Desktop/AppMube/test/widget/features/settings/presentation/settings_screen_test.dart: SettingsScreen renders common tiles
00:17 +581 -25: C:/Users/Victor/Desktop/AppMube/test/widget/features/settings/presentation/settings_screen_test.dart: SettingsScreen renders common tiles
00:17 +582 -25: C:/Users/Victor/Desktop/AppMube/test/widget/features/settings/presentation/settings_screen_test.dart: SettingsScreen renders common tiles
00:17 +583 -25: C:/Users/Victor/Desktop/AppMube/test/widget/features/settings/presentation/settings_screen_test.dart: SettingsScreen renders common tiles
00:17 +584 -25: C:/Users/Victor/Desktop/AppMube/test/widget/features/settings/presentation/settings_screen_test.dart: SettingsScreen renders common tiles
00:17 +585 -25: C:/Users/Victor/Desktop/AppMube/test/widget/features/settings/presentation/settings_screen_test.dart: SettingsScreen renders common tiles
00:17 +586 -25: C:/Users/Victor/Desktop/AppMube/test/widget/features/settings/presentation/settings_screen_test.dart: SettingsScreen renders common tiles
00:17 +587 -25: C:/Users/Victor/Desktop/AppMube/test/widget/features/settings/presentation/settings_screen_test.dart: SettingsScreen renders common tiles
00:17 +588 -25: C:/Users/Victor/Desktop/AppMube/test/widget/features/settings/presentation/settings_screen_test.dart: SettingsScreen renders common tiles
00:17 +589 -25: C:/Users/Victor/Desktop/AppMube/test/widget/features/settings/presentation/settings_screen_test.dart: SettingsScreen renders common tiles
00:17 +590 -25: C:/Users/Victor/Desktop/AppMube/test/widget/features/settings/presentation/settings_screen_test.dart: SettingsScreen renders common tiles
00:17 +591 -25: C:/Users/Victor/Desktop/AppMube/test/widget/features/support/presentation/create_ticket_screen_test.dart: CreateTicketScreen renders all form fields correctly
00:17 +592 -25: C:/Users/Victor/Desktop/AppMube/test/widget/features/support/presentation/create_ticket_screen_test.dart: CreateTicketScreen renders all form fields correctly
00:17 +593 -25: C:/Users/Victor/Desktop/AppMube/test/widget/features/support/presentation/create_ticket_screen_test.dart: CreateTicketScreen renders all form fields correctly
00:18 +594 -25: C:/Users/Victor/Desktop/AppMube/test/widget/features/support/presentation/create_ticket_screen_test.dart: CreateTicketScreen renders all form fields correctly
00:18 +595 -25: C:/Users/Victor/Desktop/AppMube/test/widget/features/support/presentation/support_screen_test.dart: SupportScreen renders correctly with app bar
00:18 +596 -25: C:/Users/Victor/Desktop/AppMube/test/widget/features/support/presentation/support_screen_test.dart: SupportScreen renders correctly with app bar
00:18 +597 -25: C:/Users/Victor/Desktop/AppMube/test/widget/features/support/presentation/support_screen_test.dart: SupportScreen renders correctly with app bar
00:18 +598 -25: C:/Users/Victor/Desktop/AppMube/test/widget/features/support/presentation/support_screen_test.dart: SupportScreen renders correctly with app bar
00:18 +599 -25: C:/Users/Victor/Desktop/AppMube/test/widget/features/support/presentation/support_screen_test.dart: SupportScreen renders correctly with app bar
00:18 +600 -25: C:/Users/Victor/Desktop/AppMube/test/widget/features/support/presentation/support_screen_test.dart: SupportScreen renders correctly with app bar
00:18 +601 -25: C:/Users/Victor/Desktop/AppMube/test/widget/features/support/presentation/support_screen_test.dart: SupportScreen renders correctly with app bar
00:18 +602 -25: C:/Users/Victor/Desktop/AppMube/test/widget/features/settings/presentation/settings_screen_test.dart: SettingsScreen logout button shows confirmation dialog
00:18 +603 -25: C:/Users/Victor/Desktop/AppMube/test/widget/matchpoint/matchpoint_wrapper_screen_test.dart: renders MatchpointTabsScreen when profile is active=true
00:18 +604 -25: C:/Users/Victor/Desktop/AppMube/test/widget/matchpoint/matchpoint_wrapper_screen_test.dart: renders MatchpointTabsScreen when profile is active=true
00:18 +605 -25: C:/Users/Victor/Desktop/AppMube/test/widget/matchpoint/matchpoint_wrapper_screen_test.dart: renders MatchpointTabsScreen when profile is active=true
00:18 +606 -25: C:/Users/Victor/Desktop/AppMube/test/widget/matchpoint/matchpoint_wrapper_screen_test.dart: renders MatchpointTabsScreen when profile is active=true
00:18 +607 -25: C:/Users/Victor/Desktop/AppMube/test/widget/features/support/presentation/create_ticket_screen_test.dart: CreateTicketScreen validates short description (less than 10 chars)
00:18 +608 -25: C:/Users/Victor/Desktop/AppMube/test/widget/features/support/presentation/create_ticket_screen_test.dart: CreateTicketScreen validates short description (less than 10 chars)
00:18 +609 -25: C:/Users/Victor/Desktop/AppMube/test/widget/features/support/presentation/create_ticket_screen_test.dart: CreateTicketScreen validates short description (less than 10 chars)
00:18 +610 -25: C:/Users/Victor/Desktop/AppMube/test/widget/features/support/presentation/support_screen_test.dart: SupportScreen renders action cards
00:18 +611 -25: C:/Users/Victor/Desktop/AppMube/test/widget/features/support/presentation/support_screen_test.dart: SupportScreen renders action cards
00:18 +612 -25: C:/Users/Victor/Desktop/AppMube/test/widget/features/support/presentation/create_ticket_screen_test.dart: CreateTicketScreen shows attachment counter (0/3)
00:18 +613 -25: C:/Users/Victor/Desktop/AppMube/test/widget/features/support/presentation/support_screen_test.dart: SupportScreen navigates to create ticket screen
00:18 +614 -25: C:/Users/Victor/Desktop/AppMube/test/widget/features/support/presentation/support_screen_test.dart: SupportScreen navigates to create ticket screen
00:19 +615 -25: C:/Users/Victor/Desktop/AppMube/test/widget/features/support/presentation/support_screen_test.dart: SupportScreen navigates to tickets list screen
00:19 +616 -25: C:/Users/Victor/Desktop/AppMube/test/widget/features/support/presentation/support_screen_test.dart: SupportScreen renders FAQ section
00:19 +617 -25: C:/Users/Victor/Desktop/AppMube/test/widget/features/support/presentation/support_screen_test.dart: SupportScreen renders search field
00:19 +618 -25: C:/Users/Victor/Desktop/AppMube/test/widget/features/support/presentation/support_screen_test.dart: SupportScreen renders category filters
00:19 +619 -25: C:/Users/Victor/Desktop/AppMube/test/widget/features/support/presentation/support_screen_test.dart: SupportScreen renders contact section
00:19 +620 -25: Some tests failed.
